Archive member included to satisfy reference by file (symbol)

/Applications/ArmGNUToolchain/13.3.rel1/arm-none-eabi/bin/../lib/gcc/arm-none-eabi/13.3.1/../../../../arm-none-eabi/lib/thumb/v7e-m+dp/hard/libc_nano.a(libc_a-exit.o)
                              /Applications/ArmGNUToolchain/13.3.rel1/arm-none-eabi/bin/../lib/gcc/arm-none-eabi/13.3.1/../../../../arm-none-eabi/lib/thumb/v7e-m+dp/hard/crt0.o (exit)
/Applications/ArmGNUToolchain/13.3.rel1/arm-none-eabi/bin/../lib/gcc/arm-none-eabi/13.3.1/../../../../arm-none-eabi/lib/thumb/v7e-m+dp/hard/libc_nano.a(libc_a-findfp.o)
                              /Applications/ArmGNUToolchain/13.3.rel1/arm-none-eabi/bin/../lib/gcc/arm-none-eabi/13.3.1/../../../../arm-none-eabi/lib/thumb/v7e-m+dp/hard/libc_nano.a(libc_a-exit.o) (__stdio_exit_handler)
/Applications/ArmGNUToolchain/13.3.rel1/arm-none-eabi/bin/../lib/gcc/arm-none-eabi/13.3.1/../../../../arm-none-eabi/lib/thumb/v7e-m+dp/hard/libc_nano.a(libc_a-fwalk.o)
                              /Applications/ArmGNUToolchain/13.3.rel1/arm-none-eabi/bin/../lib/gcc/arm-none-eabi/13.3.1/../../../../arm-none-eabi/lib/thumb/v7e-m+dp/hard/libc_nano.a(libc_a-findfp.o) (_fwalk_sglue)
/Applications/ArmGNUToolchain/13.3.rel1/arm-none-eabi/bin/../lib/gcc/arm-none-eabi/13.3.1/../../../../arm-none-eabi/lib/thumb/v7e-m+dp/hard/libc_nano.a(libc_a-memset.o)
                              /Applications/ArmGNUToolchain/13.3.rel1/arm-none-eabi/bin/../lib/gcc/arm-none-eabi/13.3.1/../../../../arm-none-eabi/lib/thumb/v7e-m+dp/hard/crt0.o (memset)
/Applications/ArmGNUToolchain/13.3.rel1/arm-none-eabi/bin/../lib/gcc/arm-none-eabi/13.3.1/../../../../arm-none-eabi/lib/thumb/v7e-m+dp/hard/libc_nano.a(libc_a-init.o)
                              /Applications/ArmGNUToolchain/13.3.rel1/arm-none-eabi/bin/../lib/gcc/arm-none-eabi/13.3.1/../../../../arm-none-eabi/lib/thumb/v7e-m+dp/hard/crt0.o (__libc_init_array)
/Applications/ArmGNUToolchain/13.3.rel1/arm-none-eabi/bin/../lib/gcc/arm-none-eabi/13.3.1/../../../../arm-none-eabi/lib/thumb/v7e-m+dp/hard/libc_nano.a(libc_a-lock.o)
                              /Applications/ArmGNUToolchain/13.3.rel1/arm-none-eabi/bin/../lib/gcc/arm-none-eabi/13.3.1/../../../../arm-none-eabi/lib/thumb/v7e-m+dp/hard/libc_nano.a(libc_a-findfp.o) (__retarget_lock_init_recursive)
/Applications/ArmGNUToolchain/13.3.rel1/arm-none-eabi/bin/../lib/gcc/arm-none-eabi/13.3.1/../../../../arm-none-eabi/lib/thumb/v7e-m+dp/hard/libc_nano.a(libc_a-impure.o)
                              /Applications/ArmGNUToolchain/13.3.rel1/arm-none-eabi/bin/../lib/gcc/arm-none-eabi/13.3.1/../../../../arm-none-eabi/lib/thumb/v7e-m+dp/hard/libc_nano.a(libc_a-findfp.o) (_impure_data)
/Applications/ArmGNUToolchain/13.3.rel1/arm-none-eabi/bin/../lib/gcc/arm-none-eabi/13.3.1/../../../../arm-none-eabi/lib/thumb/v7e-m+dp/hard/libc_nano.a(libc_a-memcpy-stub.o)
                              build/sensor.o (memcpy)
/Applications/ArmGNUToolchain/13.3.rel1/arm-none-eabi/bin/../lib/gcc/arm-none-eabi/13.3.1/../../../../arm-none-eabi/lib/thumb/v7e-m+dp/hard/libc_nano.a(libc_a-mallocr.o)
                              /Applications/ArmGNUToolchain/13.3.rel1/arm-none-eabi/bin/../lib/gcc/arm-none-eabi/13.3.1/../../../../arm-none-eabi/lib/thumb/v7e-m+dp/hard/libc_nano.a(libc_a-findfp.o) (_malloc_r)
/Applications/ArmGNUToolchain/13.3.rel1/arm-none-eabi/bin/../lib/gcc/arm-none-eabi/13.3.1/../../../../arm-none-eabi/lib/thumb/v7e-m+dp/hard/libc_nano.a(libc_a-fflush.o)
                              /Applications/ArmGNUToolchain/13.3.rel1/arm-none-eabi/bin/../lib/gcc/arm-none-eabi/13.3.1/../../../../arm-none-eabi/lib/thumb/v7e-m+dp/hard/libc_nano.a(libc_a-findfp.o) (_fflush_r)
/Applications/ArmGNUToolchain/13.3.rel1/arm-none-eabi/bin/../lib/gcc/arm-none-eabi/13.3.1/../../../../arm-none-eabi/lib/thumb/v7e-m+dp/hard/libc_nano.a(libc_a-mlock.o)
                              /Applications/ArmGNUToolchain/13.3.rel1/arm-none-eabi/bin/../lib/gcc/arm-none-eabi/13.3.1/../../../../arm-none-eabi/lib/thumb/v7e-m+dp/hard/libc_nano.a(libc_a-mallocr.o) (__malloc_lock)
/Applications/ArmGNUToolchain/13.3.rel1/arm-none-eabi/bin/../lib/gcc/arm-none-eabi/13.3.1/../../../../arm-none-eabi/lib/thumb/v7e-m+dp/hard/libc_nano.a(libc_a-stdio.o)
                              /Applications/ArmGNUToolchain/13.3.rel1/arm-none-eabi/bin/../lib/gcc/arm-none-eabi/13.3.1/../../../../arm-none-eabi/lib/thumb/v7e-m+dp/hard/libc_nano.a(libc_a-findfp.o) (__sread)
/Applications/ArmGNUToolchain/13.3.rel1/arm-none-eabi/bin/../lib/gcc/arm-none-eabi/13.3.1/../../../../arm-none-eabi/lib/thumb/v7e-m+dp/hard/libc_nano.a(libc_a-lseekr.o)
                              /Applications/ArmGNUToolchain/13.3.rel1/arm-none-eabi/bin/../lib/gcc/arm-none-eabi/13.3.1/../../../../arm-none-eabi/lib/thumb/v7e-m+dp/hard/libc_nano.a(libc_a-stdio.o) (_lseek_r)
/Applications/ArmGNUToolchain/13.3.rel1/arm-none-eabi/bin/../lib/gcc/arm-none-eabi/13.3.1/../../../../arm-none-eabi/lib/thumb/v7e-m+dp/hard/libc_nano.a(libc_a-readr.o)
[...]
Memory Configuration

Name             Origin             Length             Attributes
DTCMRAM          0x20000000         0x00020000         xrw
RAM_D1           0x24000000         0x00080000         xrw
RAM_D2           0x30000000         0x00048000         xrw
RAM_D3           0x38000000         0x00010000         xrw
ITCMRAM          0x00000000         0x00010000         xrw
FLASH            0x08000000         0x00020000         xr
*default*        0x00000000         0xffffffff

Linker script and memory map

LOAD /Applications/ArmGNUToolchain/13.3.rel1/arm-none-eabi/bin/../lib/gcc/arm-none-eabi/13.3.1/thumb/v7e-m+dp/hard/crti.o
LOAD /Applications/ArmGNUToolchain/13.3.rel1/arm-none-eabi/bin/../lib/gcc/arm-none-eabi/13.3.1/thumb/v7e-m+dp/hard/crtbegin.o
LOAD /Applications/ArmGNUToolchain/13.3.rel1/arm-none-eabi/bin/../lib/gcc/arm-none-eabi/13.3.1/../../../../arm-none-eabi/lib/thumb/v7e-m+dp/hard/crt0.o
LOAD build/main.o
LOAD build/init.o
LOAD build/commands.o
LOAD build/led.o
LOAD build/solenoid.o
LOAD build/sensor.o
LOAD build/usb.o
LOAD build/valve.o
LOAD build/stm32h7xx_it.o
LOAD build/stm32h7xx_hal_msp.o
LOAD build/system_stm32h7xx.o
LOAD build/stm32h7xx_hal_cortex.o
LOAD build/stm32h7xx_hal_tim.o
LOAD build/stm32h7xx_hal_tim_ex.o
LOAD build/stm32h7xx_hal_uart.o
LOAD build/stm32h7xx_hal_uart_ex.o
LOAD build/stm32h7xx_hal_rcc.o
LOAD build/stm32h7xx_hal_rcc_ex.o
LOAD build/stm32h7xx_hal_flash.o
LOAD build/stm32h7xx_hal_flash_ex.o
LOAD build/stm32h7xx_hal_gpio.o
LOAD build/stm32h7xx_hal_hsem.o
LOAD build/stm32h7xx_hal_dma.o
LOAD build/stm32h7xx_hal_dma_ex.o
LOAD build/stm32h7xx_hal_mdma.o
LOAD build/stm32h7xx_hal_pwr.o
LOAD build/stm32h7xx_hal_pwr_ex.o
LOAD build/stm32h7xx_hal.o
LOAD build/stm32h7xx_hal_i2c.o
LOAD build/stm32h7xx_hal_i2c_ex.o
LOAD build/stm32h7xx_hal_exti.o
LOAD build/startup_stm32h750xx.o
LOAD /Applications/ArmGNUToolchain/13.3.rel1/arm-none-eabi/bin/../lib/gcc/arm-none-eabi/13.3.1/../../../../arm-none-eabi/lib/thumb/v7e-m+dp/hard/libc_nano.a
LOAD /Applications/ArmGNUToolchain/13.3.rel1/arm-none-eabi/bin/../lib/gcc/arm-none-eabi/13.3.1/../../../../arm-none-eabi/lib/thumb/v7e-m+dp/hard/libm.a
LOAD /Applications/ArmGNUToolchain/13.3.rel1/arm-none-eabi/bin/../lib/gcc/arm-none-eabi/13.3.1/../../../../arm-none-eabi/lib/thumb/v7e-m+dp/hard/libnosys.a
START GROUP
LOAD /Applications/ArmGNUToolchain/13.3.rel1/arm-none-eabi/bin/../lib/gcc/arm-none-eabi/13.3.1/thumb/v7e-m+dp/hard/libgcc.a
LOAD /Applications/ArmGNUToolchain/13.3.rel1/arm-none-eabi/bin/../lib/gcc/arm-none-eabi/13.3.1/../../../../arm-none-eabi/lib/thumb/v7e-m+dp/hard/libc_nano.a
END GROUP
START GROUP
LOAD /Applications/ArmGNUToolchain/13.3.rel1/arm-none-eabi/bin/../lib/gcc/arm-none-eabi/13.3.1/thumb/v7e-m+dp/hard/libgcc.a
LOAD /Applications/ArmGNUToolchain/13.3.rel1/arm-none-eabi/bin/../lib/gcc/arm-none-eabi/13.3.1/../../../../arm-none-eabi/lib/thumb/v7e-m+dp/hard/libc_nano.a
END GROUP
LOAD /Applications/ArmGNUToolchain/13.3.rel1/arm-none-eabi/bin/../lib/gcc/arm-none-eabi/13.3.1/thumb/v7e-m+dp/hard/crtend.o
LOAD /Applications/ArmGNUToolchain/13.3.rel1/arm-none-eabi/bin/../lib/gcc/arm-none-eabi/13.3.1/thumb/v7e-m+dp/hard/crtn.o
                0x20020000                        _estack = 0x20020000
                0x00000200                        _Min_Heap_Size = 0x200
                0x00000400                        _Min_Stack_Size = 0x400

.isr_vector     0x08000000      0x298
                0x08000000                        . = ALIGN (0x4)
 *(.isr_vector)
 .isr_vector    0x08000000      0x298 build/startup_stm32h750xx.o
                0x08000000                g_pfnVectors
                0x08000298                        . = ALIGN (0x4)

.text           0x08000298     0x444c
                0x08000298                        . = ALIGN (0x4)
 *(.text)
 .text          0x08000298       0x30 /Applications/ArmGNUToolchain/13.3.rel1/arm-none-eabi/bin/../lib/gcc/arm-none-eabi/13.3.1/thumb/v7e-m+dp/hard/libgcc.a(_aeabi_uldivmod.o)
                0x08000298                __aeabi_uldivmod
 .text          0x080002c8        0x4 /Applications/ArmGNUToolchain/13.3.rel1/arm-none-eabi/bin/../lib/gcc/arm-none-eabi/13.3.1/thumb/v7e-m+dp/hard/libgcc.a(_dvmd_tls.o)
                0x080002c8                __aeabi_ldiv0
                0x080002c8                __aeabi_idiv0
 *(.text*)
 .text.deregister_tm_clones
                0x080002cc       0x1c /Applications/ArmGNUToolchain/13.3.rel1/arm-none-eabi/bin/../lib/gcc/arm-none-eabi/13.3.1/thumb/v7e-m+dp/hard/crtbegin.o
 .text.register_tm_clones
                0x080002e8       0x24 /Applications/ArmGNUToolchain/13.3.rel1/arm-none-eabi/bin/../lib/gcc/arm-none-eabi/13.3.1/thumb/v7e-m+dp/hard/crtbegin.o
 .text.__do_global_dtors_aux
                0x0800030c       0x28 /Applications/ArmGNUToolchain/13.3.rel1/arm-none-eabi/bin/../lib/gcc/arm-none-eabi/13.3.1/thumb/v7e-m+dp/hard/crtbegin.o
 .text.frame_dummy
                0x08000334       0x24 /Applications/ArmGNUToolchain/13.3.rel1/arm-none-eabi/bin/../lib/gcc/arm-none-eabi/13.3.1/thumb/v7e-m+dp/hard/crtbegin.o
 .text.main     0x08000358       0x44 build/main.o
                0x08000358                main
 .text.Error_Handler
                0x0800039c        0xa build/main.o
                0x0800039c                Error_Handler
 *fill*         0x080003a6        0x2 
 .text.SystemClock_Config
                0x080003a8       0xb8 build/init.o
                0x080003a8                SystemClock_Config
 .text.Fuel_Valve_TIM_Init
                0x08000460       0xb0 build/init.o
                0x08000460                Fuel_Valve_TIM_Init
 .text.LOX_Valve_TIM_Init
                0x08000510       0xf0 build/init.o
                0x08000510                LOX_Valve_TIM_Init
 .text.USB_UART_Init
                0x08000600       0x68 build/init.o
                0x08000600                USB_UART_Init
 .text.Valve_UART_Init
                0x08000668       0x68 build/init.o
                0x08000668                Valve_UART_Init
 .text.GPIO_Init
                0x080006d0      0x1c8 build/init.o
                0x080006d0                GPIO_Init
 .text.led_reset
                0x08000898       0x14 build/led.o
                0x08000898                led_reset
 .text.led_error_assert
                0x080008ac       0x18 build/led.o
                0x080008ac                led_error_assert
 .text.led_set_color
                0x080008c4       0x80 build/led.o
                0x080008c4                led_set_color
 .text.solenoid_map
                0x08000944       0x54 build/solenoid.o
                0x08000944                solenoid_map
 .text.solenoid_toggle
                0x08000998       0x1c build/solenoid.o
                0x08000998                solenoid_toggle
 .text.sensor_init
                0x080009b4       0x14 build/sensor.o
                0x080009b4                sensor_init
 .text.inc_lox_encoder
                0x080009c8       0x24 build/valve.o
 .text.inc_fuel_encoder
                0x080009ec       0x24 build/valve.o
 .text.dec_lox_encoder
                0x08000a10       0x20 build/valve.o
 .text.dec_fuel_encoder
                0x08000a30       0x20 build/valve.o
 .text.lox_channelA_ISR
                0x08000a50       0x5c build/valve.o
                0x08000a50                lox_channelA_ISR
 .text.lox_channelB_ISR
                0x08000aac       0x80 build/valve.o
                0x08000aac                lox_channelB_ISR
 .text.fuel_channelA_ISR
                0x08000b2c       0x5c build/valve.o
                0x08000b2c                fuel_channelA_ISR
 .text.fuel_channelB_ISR
                0x08000b88       0x80 build/valve.o
                0x08000b88                fuel_channelB_ISR
 .text.NMI_Handler
                0x08000c08        0x2 build/stm32h7xx_it.o
                0x08000c08                NMI_Handler
 .text.HardFault_Handler
                0x08000c0a        0x2 build/stm32h7xx_it.o
                0x08000c0a                HardFault_Handler
 .text.MemManage_Handler
                0x08000c0c        0x2 build/stm32h7xx_it.o
                0x08000c0c                MemManage_Handler
 .text.BusFault_Handler
                0x08000c0e        0x2 build/stm32h7xx_it.o
                0x08000c0e                BusFault_Handler
 .text.UsageFault_Handler
                0x08000c10        0x2 build/stm32h7xx_it.o
                0x08000c10                UsageFault_Handler
 .text.SVC_Handler
                0x08000c12        0x2 build/stm32h7xx_it.o
                0x08000c12                SVC_Handler
 .text.DebugMon_Handler
                0x08000c14        0x2 build/stm32h7xx_it.o
                0x08000c14                DebugMon_Handler
 .text.PendSV_Handler
                0x08000c16        0x2 build/stm32h7xx_it.o
                0x08000c16                PendSV_Handler
 .text.SysTick_Handler
                0x08000c18        0x8 build/stm32h7xx_it.o
                0x08000c18                SysTick_Handler
 .text.EXTI9_5_IRQHandler
                0x08000c20       0x44 build/stm32h7xx_it.o
                0x08000c20                EXTI9_5_IRQHandler
 .text.EXTI15_10_IRQHandler
                0x08000c64       0x44 build/stm32h7xx_it.o
                0x08000c64                EXTI15_10_IRQHandler
 .text.HAL_MspInit
                0x08000ca8       0x24 build/stm32h7xx_hal_msp.o
                0x08000ca8                HAL_MspInit
 .text.HAL_TIM_Base_MspInit
                0x08000ccc       0x54 build/stm32h7xx_hal_msp.o
                0x08000ccc                HAL_TIM_Base_MspInit
 .text.HAL_TIM_MspPostInit
                0x08000d20       0x94 build/stm32h7xx_hal_msp.o
                0x08000d20                HAL_TIM_MspPostInit
 .text.HAL_UART_MspInit
                0x08000db4      0x120 build/stm32h7xx_hal_msp.o
                0x08000db4                HAL_UART_MspInit
 .text.SystemInit
                0x08000ed4       0xc8 build/system_stm32h7xx.o
                0x08000ed4                SystemInit
 .text.__NVIC_EnableIRQ
                0x08000f9c       0x1c build/stm32h7xx_hal_cortex.o
 .text.__NVIC_SetPriority
                0x08000fb8       0x24 build/stm32h7xx_hal_cortex.o
 .text.NVIC_EncodePriority
                0x08000fdc       0x3e build/stm32h7xx_hal_cortex.o
 *fill*         0x0800101a        0x2 
 .text.HAL_NVIC_SetPriorityGrouping
                0x0800101c       0x24 build/stm32h7xx_hal_cortex.o
                0x0800101c                HAL_NVIC_SetPriorityGrouping
 .text.HAL_NVIC_SetPriority
                0x08001040       0x20 build/stm32h7xx_hal_cortex.o
                0x08001040                HAL_NVIC_SetPriority
 .text.HAL_NVIC_EnableIRQ
                0x08001060        0x8 build/stm32h7xx_hal_cortex.o
                0x08001060                HAL_NVIC_EnableIRQ
 .text.HAL_SYSTICK_Config
                0x08001068       0x28 build/stm32h7xx_hal_cortex.o
                0x08001068                HAL_SYSTICK_Config
 .text.TIM_OC1_SetConfig
                0x08001090       0xa4 build/stm32h7xx_hal_tim.o
 .text.TIM_OC3_SetConfig
                0x08001134       0x94 build/stm32h7xx_hal_tim.o
 .text.TIM_OC4_SetConfig
                0x080011c8       0x74 build/stm32h7xx_hal_tim.o
 .text.TIM_OC5_SetConfig
                0x0800123c       0x74 build/stm32h7xx_hal_tim.o
 .text.TIM_OC6_SetConfig
                0x080012b0       0x74 build/stm32h7xx_hal_tim.o
 .text.TIM_TI1_ConfigInputStage
                0x08001324       0x26 build/stm32h7xx_hal_tim.o
 .text.TIM_TI2_ConfigInputStage
                0x0800134a       0x28 build/stm32h7xx_hal_tim.o
 *fill*         0x08001372        0x2 
 .text.TIM_ITRx_SetConfig
                0x08001374       0x14 build/stm32h7xx_hal_tim.o
 .text.HAL_TIM_PWM_MspInit
                0x08001388        0x2 build/stm32h7xx_hal_tim.o
                0x08001388                HAL_TIM_PWM_MspInit
 *fill*         0x0800138a        0x2 
 .text.TIM_Base_SetConfig
                0x0800138c      0x104 build/stm32h7xx_hal_tim.o
                0x0800138c                TIM_Base_SetConfig
 .text.HAL_TIM_Base_Init
                0x08001490       0x60 build/stm32h7xx_hal_tim.o
                0x08001490                HAL_TIM_Base_Init
 .text.HAL_TIM_PWM_Init
                0x080014f0       0x60 build/stm32h7xx_hal_tim.o
                0x080014f0                HAL_TIM_PWM_Init
 .text.TIM_OC2_SetConfig
                0x08001550       0x94 build/stm32h7xx_hal_tim.o
                0x08001550                TIM_OC2_SetConfig
 .text.HAL_TIM_PWM_ConfigChannel
                0x080015e4      0x13a build/stm32h7xx_hal_tim.o
                0x080015e4                HAL_TIM_PWM_ConfigChannel
 .text.TIM_ETR_SetConfig
                0x0800171e       0x1a build/stm32h7xx_hal_tim.o
                0x0800171e                TIM_ETR_SetConfig
 .text.HAL_TIM_ConfigClockSource
                0x08001738      0x138 build/stm32h7xx_hal_tim.o
                0x08001738                HAL_TIM_ConfigClockSource
 .text.TIM_CCxChannelCmd
                0x08001870       0x1e build/stm32h7xx_hal_tim.o
                0x08001870                TIM_CCxChannelCmd
 *fill*         0x0800188e        0x2 
 .text.HAL_TIM_PWM_Stop
                0x08001890       0xc4 build/stm32h7xx_hal_tim.o
                0x08001890                HAL_TIM_PWM_Stop
 .text.HAL_TIMEx_MasterConfigSynchronization
                0x08001954       0xa0 build/stm32h7xx_hal_tim_ex.o
                0x08001954                HAL_TIMEx_MasterConfigSynchronization
 .text.HAL_TIMEx_ConfigBreakDeadTime
                0x080019f4       0x90 build/stm32h7xx_hal_tim_ex.o
                0x080019f4                HAL_TIMEx_ConfigBreakDeadTime
 .text.UART_SetConfig
                0x08001a84      0x5fc build/stm32h7xx_hal_uart.o
                0x08001a84                UART_SetConfig
 .text.UART_AdvFeatureConfig
                0x08002080       0xca build/stm32h7xx_hal_uart.o
                0x08002080                UART_AdvFeatureConfig
 .text.UART_WaitOnFlagUntilTimeout
                0x0800214a       0xd8 build/stm32h7xx_hal_uart.o
                0x0800214a                UART_WaitOnFlagUntilTimeout
 .text.UART_CheckIdleState
                0x08002222       0x74 build/stm32h7xx_hal_uart.o
                0x08002222                UART_CheckIdleState
 .text.HAL_UART_Init
                0x08002296       0x66 build/stm32h7xx_hal_uart.o
                0x08002296                HAL_UART_Init
 .text.UARTEx_SetNbDataToProcess
                0x080022fc       0x4c build/stm32h7xx_hal_uart_ex.o
 .text.HAL_UARTEx_DisableFifoMode
                0x08002348       0x3e build/stm32h7xx_hal_uart_ex.o
                0x08002348                HAL_UARTEx_DisableFifoMode
 .text.HAL_UARTEx_SetTxFifoThreshold
                0x08002386       0x4a build/stm32h7xx_hal_uart_ex.o
                0x08002386                HAL_UARTEx_SetTxFifoThreshold
 .text.HAL_UARTEx_SetRxFifoThreshold
                0x080023d0       0x4a build/stm32h7xx_hal_uart_ex.o
                0x080023d0                HAL_UARTEx_SetRxFifoThreshold
 *fill*         0x0800241a        0x2 
 .text.HAL_RCC_OscConfig
                0x0800241c      0x670 build/stm32h7xx_hal_rcc.o
                0x0800241c                HAL_RCC_OscConfig
 .text.HAL_RCC_GetSysClockFreq
                0x08002a8c      0x1f8 build/stm32h7xx_hal_rcc.o
                0x08002a8c                HAL_RCC_GetSysClockFreq
 .text.HAL_RCC_ClockConfig
                0x08002c84      0x294 build/stm32h7xx_hal_rcc.o
                0x08002c84                HAL_RCC_ClockConfig
 .text.HAL_RCC_GetHCLKFreq
                0x08002f18       0x44 build/stm32h7xx_hal_rcc.o
                0x08002f18                HAL_RCC_GetHCLKFreq
 .text.HAL_RCC_GetPCLK1Freq
                0x08002f5c       0x24 build/stm32h7xx_hal_rcc.o
                0x08002f5c                HAL_RCC_GetPCLK1Freq
 .text.HAL_RCC_GetPCLK2Freq
                0x08002f80       0x24 build/stm32h7xx_hal_rcc.o
                0x08002f80                HAL_RCC_GetPCLK2Freq
 .text.RCCEx_PLL2_Config
                0x08002fa4      0x108 build/stm32h7xx_hal_rcc_ex.o
 .text.RCCEx_PLL3_Config
                0x080030ac      0x108 build/stm32h7xx_hal_rcc_ex.o
 .text.HAL_RCCEx_PeriphCLKConfig
                0x080031b4      0x9e8 build/stm32h7xx_hal_rcc_ex.o
                0x080031b4                HAL_RCCEx_PeriphCLKConfig
 .text.HAL_RCCEx_GetD3PCLK1Freq
                0x08003b9c       0x24 build/stm32h7xx_hal_rcc_ex.o
                0x08003b9c                HAL_RCCEx_GetD3PCLK1Freq
 .text.HAL_RCCEx_GetPLL2ClockFreq
                0x08003bc0      0x200 build/stm32h7xx_hal_rcc_ex.o
                0x08003bc0                HAL_RCCEx_GetPLL2ClockFreq
 .text.HAL_RCCEx_GetPLL3ClockFreq
                0x08003dc0      0x200 build/stm32h7xx_hal_rcc_ex.o
                0x08003dc0                HAL_RCCEx_GetPLL3ClockFreq
 .text.HAL_GPIO_Init
                0x08003fc0      0x220 build/stm32h7xx_hal_gpio.o
                0x08003fc0                HAL_GPIO_Init
 .text.HAL_GPIO_ReadPin
                0x080041e0        0xe build/stm32h7xx_hal_gpio.o
                0x080041e0                HAL_GPIO_ReadPin
 .text.HAL_GPIO_WritePin
                0x080041ee        0xc build/stm32h7xx_hal_gpio.o
                0x080041ee                HAL_GPIO_WritePin
 .text.HAL_GPIO_TogglePin
                0x080041fa       0x12 build/stm32h7xx_hal_gpio.o
                0x080041fa                HAL_GPIO_TogglePin
 .text.HAL_PWREx_ConfigSupply
                0x0800420c       0x54 build/stm32h7xx_hal_pwr_ex.o
                0x0800420c                HAL_PWREx_ConfigSupply
 .text.HAL_InitTick
                0x08004260       0x50 build/stm32h7xx_hal.o
                0x08004260                HAL_InitTick
 .text.HAL_Init
                0x080042b0       0x5c build/stm32h7xx_hal.o
                0x080042b0                HAL_Init
 .text.HAL_IncTick
                0x0800430c       0x18 build/stm32h7xx_hal.o
                0x0800430c                HAL_IncTick
 .text.HAL_GetTick
                0x08004324        0xc build/stm32h7xx_hal.o
                0x08004324                HAL_GetTick
 .text.HAL_Delay
                0x08004330       0x28 build/stm32h7xx_hal.o
                0x08004330                HAL_Delay
 .text.HAL_GetREVID
                0x08004358        0xc build/stm32h7xx_hal.o
                0x08004358                HAL_GetREVID
 .text.Reset_Handler
                0x08004364       0x50 build/startup_stm32h750xx.o
                0x08004364                Reset_Handler
 .text.Default_Handler
                0x080043b4        0x2 build/startup_stm32h750xx.o
                0x080043b4                DMA1_Stream3_IRQHandler
                0x080043b4                HASH_RNG_IRQHandler
                0x080043b4                EXTI2_IRQHandler
                0x080043b4                TIM8_CC_IRQHandler
                0x080043b4                HRTIM1_Master_IRQHandler
                0x080043b4                UART8_IRQHandler
                0x080043b4                SPI4_IRQHandler
                0x080043b4                TIM1_CC_IRQHandler
                0x080043b4                BDMA_Channel6_IRQHandler
                0x080043b4                DMA2_Stream5_IRQHandler
                0x080043b4                HRTIM1_FLT_IRQHandler
                0x080043b4                JPEG_IRQHandler
                0x080043b4                DMA1_Stream5_IRQHandler
                0x080043b4                BDMA_Channel1_IRQHandler
                0x080043b4                HRTIM1_TIMD_IRQHandler
                0x080043b4                TAMP_STAMP_IRQHandler
                0x080043b4                EXTI3_IRQHandler
                0x080043b4                LPTIM4_IRQHandler
                0x080043b4                TIM8_TRG_COM_TIM14_IRQHandler
                0x080043b4                LPTIM2_IRQHandler
                0x080043b4                DFSDM1_FLT1_IRQHandler
                0x080043b4                DMAMUX2_OVR_IRQHandler
                0x080043b4                TIM8_UP_TIM13_IRQHandler
                0x080043b4                I2C3_ER_IRQHandler
                0x080043b4                DFSDM1_FLT2_IRQHandler
                0x080043b4                MDMA_IRQHandler
                0x080043b4                LPTIM3_IRQHandler
                0x080043b4                HSEM1_IRQHandler
                0x080043b4                EXTI0_IRQHandler
                0x080043b4                I2C2_EV_IRQHandler
                0x080043b4                DMA1_Stream2_IRQHandler
                0x080043b4                FPU_IRQHandler
                0x080043b4                OTG_HS_WKUP_IRQHandler
                0x080043b4                FDCAN1_IT1_IRQHandler
                0x080043b4                LTDC_ER_IRQHandler
                0x080043b4                DMA2_Stream2_IRQHandler
                0x080043b4                HRTIM1_TIME_IRQHandler
                0x080043b4                SPI1_IRQHandler
                0x080043b4                TIM6_DAC_IRQHandler
                0x080043b4                DCMI_IRQHandler
                0x080043b4                HRTIM1_TIMC_IRQHandler
                0x080043b4                DMA2_Stream3_IRQHandler
                0x080043b4                SAI2_IRQHandler
                0x080043b4                DFSDM1_FLT3_IRQHandler
                0x080043b4                USART6_IRQHandler
                0x080043b4                TIM17_IRQHandler
                0x080043b4                USART3_IRQHandler
                0x080043b4                BDMA_Channel7_IRQHandler
                0x080043b4                CRYP_IRQHandler
                0x080043b4                LPTIM5_IRQHandler
                0x080043b4                UART5_IRQHandler
                0x080043b4                ADC3_IRQHandler
                0x080043b4                DMA2_Stream0_IRQHandler
                0x080043b4                TIM4_IRQHandler
                0x080043b4                BDMA_Channel2_IRQHandler
                0x080043b4                QUADSPI_IRQHandler
                0x080043b4                I2C1_EV_IRQHandler
                0x080043b4                DMA1_Stream6_IRQHandler
                0x080043b4                DMAMUX1_OVR_IRQHandler
                0x080043b4                DMA1_Stream1_IRQHandler
                0x080043b4                TIM16_IRQHandler
                0x080043b4                UART4_IRQHandler
                0x080043b4                BDMA_Channel5_IRQHandler
                0x080043b4                TIM3_IRQHandler
                0x080043b4                RCC_IRQHandler
                0x080043b4                TIM8_BRK_TIM12_IRQHandler
                0x080043b4                TIM1_TRG_COM_IRQHandler
                0x080043b4                Default_Handler
                0x080043b4                ECC_IRQHandler
                0x080043b4                CEC_IRQHandler
                0x080043b4                BDMA_Channel0_IRQHandler
                0x080043b4                ADC_IRQHandler
                0x080043b4                DMA1_Stream7_IRQHandler
                0x080043b4                HRTIM1_TIMA_IRQHandler
                0x080043b4                SPI5_IRQHandler
                0x080043b4                TIM7_IRQHandler
                0x080043b4                SDMMC1_IRQHandler
                0x080043b4                TIM5_IRQHandler
                0x080043b4                DMA2_Stream7_IRQHandler
                0x080043b4                TIM15_IRQHandler
                0x080043b4                PVD_AVD_IRQHandler
                0x080043b4                I2C3_EV_IRQHandler
                0x080043b4                RTC_WKUP_IRQHandler
                0x080043b4                LTDC_IRQHandler
                0x080043b4                SAI3_IRQHandler
                0x080043b4                ETH_WKUP_IRQHandler
                0x080043b4                SPDIF_RX_IRQHandler
                0x080043b4                SPI2_IRQHandler
                0x080043b4                OTG_HS_EP1_IN_IRQHandler
                0x080043b4                DMA1_Stream0_IRQHandler
                0x080043b4                CRS_IRQHandler
                0x080043b4                EXTI4_IRQHandler
                0x080043b4                HRTIM1_TIMB_IRQHandler
                0x080043b4                FDCAN2_IT1_IRQHandler
                0x080043b4                ETH_IRQHandler
                0x080043b4                TIM1_UP_IRQHandler
                0x080043b4                BDMA_Channel4_IRQHandler
                0x080043b4                OTG_HS_EP1_OUT_IRQHandler
                0x080043b4                WWDG_IRQHandler
                0x080043b4                SPI6_IRQHandler
                0x080043b4                MDIOS_IRQHandler
                0x080043b4                I2C4_EV_IRQHandler
                0x080043b4                FDCAN2_IT0_IRQHandler
                0x080043b4                LPUART1_IRQHandler
                0x080043b4                FDCAN1_IT0_IRQHandler
                0x080043b4                TIM2_IRQHandler
                0x080043b4                OTG_FS_WKUP_IRQHandler
                0x080043b4                OTG_HS_IRQHandler
                0x080043b4                DMA2D_IRQHandler
                0x080043b4                TIM1_BRK_IRQHandler
                0x080043b4                EXTI1_IRQHandler
                0x080043b4                SDMMC2_IRQHandler
                0x080043b4                OTG_FS_EP1_OUT_IRQHandler
                0x080043b4                BDMA_Channel3_IRQHandler
                0x080043b4                UART7_IRQHandler
                0x080043b4                MDIOS_WKUP_IRQHandler
                0x080043b4                USART2_IRQHandler
                0x080043b4                DFSDM1_FLT0_IRQHandler
                0x080043b4                SAI4_IRQHandler
                0x080043b4                I2C2_ER_IRQHandler
                0x080043b4                DMA2_Stream1_IRQHandler
                0x080043b4                FLASH_IRQHandler
                0x080043b4                DMA2_Stream4_IRQHandler
                0x080043b4                USART1_IRQHandler
                0x080043b4                OTG_FS_IRQHandler
                0x080043b4                SPI3_IRQHandler
                0x080043b4                WAKEUP_PIN_IRQHandler
                0x080043b4                DMA1_Stream4_IRQHandler
                0x080043b4                OTG_FS_EP1_IN_IRQHandler
                0x080043b4                I2C1_ER_IRQHandler
                0x080043b4                FMC_IRQHandler
                0x080043b4                FDCAN_CAL_IRQHandler
                0x080043b4                SWPMI1_IRQHandler
                0x080043b4                COMP1_IRQHandler
                0x080043b4                LPTIM1_IRQHandler
                0x080043b4                I2C4_ER_IRQHandler
                0x080043b4                DMA2_Stream6_IRQHandler
                0x080043b4                SAI1_IRQHandler
                0x080043b4                RTC_Alarm_IRQHandler
 .text.memset   0x080043b6       0x10 /Applications/ArmGNUToolchain/13.3.rel1/arm-none-eabi/bin/../lib/gcc/arm-none-eabi/13.3.1/../../../../arm-none-eabi/lib/thumb/v7e-m+dp/hard/libc_nano.a(libc_a-memset.o)
                0x080043b6                memset
 *fill*         0x080043c6        0x2 
 .text.__libc_init_array
                0x080043c8       0x48 /Applications/ArmGNUToolchain/13.3.rel1/arm-none-eabi/bin/../lib/gcc/arm-none-eabi/13.3.1/../../../../arm-none-eabi/lib/thumb/v7e-m+dp/hard/libc_nano.a(libc_a-init.o)
                0x080043c8                __libc_init_array
 .text.__udivmoddi4
                0x08004410      0x2bc /Applications/ArmGNUToolchain/13.3.rel1/arm-none-eabi/bin/../lib/gcc/arm-none-eabi/13.3.1/thumb/v7e-m+dp/hard/libgcc.a(_udivmoddi4.o)
                0x08004410                __udivmoddi4
 *(.glue_7)
 .glue_7        0x080046cc        0x0 linker stubs
 *(.glue_7t)
 .glue_7t       0x080046cc        0x0 linker stubs
 *(.eh_frame)
 .eh_frame      0x080046cc        0x0 /Applications/ArmGNUToolchain/13.3.rel1/arm-none-eabi/bin/../lib/gcc/arm-none-eabi/13.3.1/thumb/v7e-m+dp/hard/crtbegin.o
 *(.init)
 .init          0x080046cc        0x4 /Applications/ArmGNUToolchain/13.3.rel1/arm-none-eabi/bin/../lib/gcc/arm-none-eabi/13.3.1/thumb/v7e-m+dp/hard/crti.o
                0x080046cc                _init
 .init          0x080046d0        0x8 /Applications/ArmGNUToolchain/13.3.rel1/arm-none-eabi/bin/../lib/gcc/arm-none-eabi/13.3.1/thumb/v7e-m+dp/hard/crtn.o
 *(.fini)
 .fini          0x080046d8        0x4 /Applications/ArmGNUToolchain/13.3.rel1/arm-none-eabi/bin/../lib/gcc/arm-none-eabi/13.3.1/thumb/v7e-m+dp/hard/crti.o
                0x080046d8                _fini
 .fini          0x080046dc        0x8 /Applications/ArmGNUToolchain/13.3.rel1/arm-none-eabi/bin/../lib/gcc/arm-none-eabi/13.3.1/thumb/v7e-m+dp/hard/crtn.o
                0x080046e4                        . = ALIGN (0x4)
                0x080046e4                        _etext = .

.vfp11_veneer   0x080046e4        0x0
 .vfp11_veneer  0x080046e4        0x0 linker stubs

.v4_bx          0x080046e4        0x0
 .v4_bx         0x080046e4        0x0 linker stubs

.iplt           0x080046e4        0x0
 .iplt          0x080046e4        0x0 /Applications/ArmGNUToolchain/13.3.rel1/arm-none-eabi/bin/../lib/gcc/arm-none-eabi/13.3.1/thumb/v7e-m+dp/hard/crtbegin.o

.rodata         0x080046e4       0x58
                0x080046e4                        . = ALIGN (0x4)
 *(.rodata)
 .rodata        0x080046e4       0x20 build/solenoid.o
 *(.rodata*)
 .rodata.D1CorePrescTable
                0x08004704       0x10 build/system_stm32h7xx.o
                0x08004704                D1CorePrescTable
 .rodata.UARTPrescTable
                0x08004714       0x18 build/stm32h7xx_hal_uart.o
                0x08004714                UARTPrescTable
 .rodata.denominator.0
                0x0800472c        0x8 build/stm32h7xx_hal_uart_ex.o
 .rodata.numerator.1
                0x08004734        0x8 build/stm32h7xx_hal_uart_ex.o
                0x0800473c                        . = ALIGN (0x4)

.ARM.extab
 *(.ARM.extab* .gnu.linkonce.armextab.*)

.ARM            0x0800473c        0x8
                0x0800473c                        __exidx_start = .
 *(.ARM.exidx*)
 .ARM.exidx.text.__udivmoddi4
                0x0800473c        0x8 /Applications/ArmGNUToolchain/13.3.rel1/arm-none-eabi/bin/../lib/gcc/arm-none-eabi/13.3.1/thumb/v7e-m+dp/hard/libgcc.a(_udivmoddi4.o)
                0x08004744                        __exidx_end = .

.rel.dyn        0x08004744        0x0
 .rel.iplt      0x08004744        0x0 /Applications/ArmGNUToolchain/13.3.rel1/arm-none-eabi/bin/../lib/gcc/arm-none-eabi/13.3.1/thumb/v7e-m+dp/hard/crtbegin.o

.preinit_array  0x08004744        0x0
                0x08004744                        PROVIDE (__preinit_array_start = .)
 *(.preinit_array*)
                0x08004744                        PROVIDE (__preinit_array_end = .)

.init_array     0x08004744        0x4
                0x08004744                        PROVIDE (__init_array_start = .)
 *(SORT_BY_NAME(.init_array.*))
 *(.init_array*)
 .init_array    0x08004744        0x4 /Applications/ArmGNUToolchain/13.3.rel1/arm-none-eabi/bin/../lib/gcc/arm-none-eabi/13.3.1/thumb/v7e-m+dp/hard/crtbegin.o
                0x08004748                        PROVIDE (__init_array_end = .)

.fini_array     0x08004748        0x4
                [!provide]                        PROVIDE (__fini_array_start = .)
 *(SORT_BY_NAME(.fini_array.*))
 *(.fini_array*)
 .fini_array    0x08004748        0x4 /Applications/ArmGNUToolchain/13.3.rel1/arm-none-eabi/bin/../lib/gcc/arm-none-eabi/13.3.1/thumb/v7e-m+dp/hard/crtbegin.o
                [!provide]                        PROVIDE (__fini_array_end = .)
                0x0800474c                        _sidata = LOADADDR (.data)

.data           0x20000000       0x10 load address 0x0800474c
                0x20000000                        . = ALIGN (0x4)
                0x20000000                        _sdata = .
 *(.data)
 *(.data*)
 .data.SystemD2Clock
                0x20000000        0x4 build/system_stm32h7xx.o
                0x20000000                SystemD2Clock
 .data.SystemCoreClock
                0x20000004        0x4 build/system_stm32h7xx.o
                0x20000004                SystemCoreClock
 .data.uwTickFreq
                0x20000008        0x1 build/stm32h7xx_hal.o
                0x20000008                uwTickFreq
 *fill*         0x20000009        0x3 
 .data.uwTickPrio
                0x2000000c        0x4 build/stm32h7xx_hal.o
                0x2000000c                uwTickPrio
                0x20000010                        . = ALIGN (0x4)
                0x20000010                        _edata = .

.tm_clone_table
                0x20000010        0x0 load address 0x0800475c
 .tm_clone_table
                0x20000010        0x0 /Applications/ArmGNUToolchain/13.3.rel1/arm-none-eabi/bin/../lib/gcc/arm-none-eabi/13.3.1/thumb/v7e-m+dp/hard/crtbegin.o
 .tm_clone_table
                0x20000010        0x0 /Applications/ArmGNUToolchain/13.3.rel1/arm-none-eabi/bin/../lib/gcc/arm-none-eabi/13.3.1/thumb/v7e-m+dp/hard/crtend.o

.igot.plt       0x20000010        0x0 load address 0x0800475c
 .igot.plt      0x20000010        0x0 /Applications/ArmGNUToolchain/13.3.rel1/arm-none-eabi/bin/../lib/gcc/arm-none-eabi/13.3.1/thumb/v7e-m+dp/hard/crtbegin.o
                0x20000010                        . = ALIGN (0x4)

.bss            0x20000010      0x1fc load address 0x0800475c
                0x20000010                        _sbss = .
                0x20000010                        __bss_start__ = _sbss
 *(.bss)
 *(.bss*)
 .bss.completed.1
                0x20000010        0x1 /Applications/ArmGNUToolchain/13.3.rel1/arm-none-eabi/bin/../lib/gcc/arm-none-eabi/13.3.1/thumb/v7e-m+dp/hard/crtbegin.o
 *fill*         0x20000011        0x3 
 .bss.object.0  0x20000014       0x18 /Applications/ArmGNUToolchain/13.3.rel1/arm-none-eabi/bin/../lib/gcc/arm-none-eabi/13.3.1/thumb/v7e-m+dp/hard/crtbegin.o
 .bss.huart3    0x2000002c       0x90 build/main.o
                0x2000002c                huart3
 .bss.huart1    0x200000bc       0x90 build/main.o
                0x200000bc                huart1
 .bss.htim15    0x2000014c       0x4c build/main.o
                0x2000014c                htim15
 .bss.htim2     0x20000198       0x4c build/main.o
                0x20000198                htim2
 .bss.sensor_size_offsets_table
                0x200001e4       0x10 build/sensor.o
 .bss.fuel_valve_cracking
                0x200001f4        0x1 build/valve.o
 .bss.ox_valve_cracking
                0x200001f5        0x1 build/valve.o
 .bss.fuel_valve_opening
                0x200001f6        0x1 build/valve.o
 .bss.fuel_valve_closing
                0x200001f7        0x1 build/valve.o
 .bss.ox_valve_opening
                0x200001f8        0x1 build/valve.o
 .bss.ox_valve_closing
                0x200001f9        0x1 build/valve.o
 .bss.fuel_channelB_state
                0x200001fa        0x1 build/valve.o
 .bss.fuel_channelA_state
                0x200001fb        0x1 build/valve.o
 .bss.fuel_valve_pos
                0x200001fc        0x4 build/valve.o
 .bss.lox_channelB_state
                0x20000200        0x1 build/valve.o
 .bss.lox_channelA_state
                0x20000201        0x1 build/valve.o
 *fill*         0x20000202        0x2 
 .bss.lox_valve_pos
                0x20000204        0x4 build/valve.o
 .bss.uwTick    0x20000208        0x4 build/stm32h7xx_hal.o
                0x20000208                uwTick
 *(COMMON)
                0x2000020c                        . = ALIGN (0x4)
                0x2000020c                        _ebss = .
                0x2000020c                        __bss_end__ = _ebss

._user_heap_stack
                0x2000020c      0x604 load address 0x0800475c
                0x20000210                        . = ALIGN (0x8)
 *fill*         0x2000020c        0x4 
                0x20000210                        PROVIDE (end = .)
                [!provide]                        PROVIDE (_end = .)
                0x20000410                        . = (. + _Min_Heap_Size)
 *fill*         0x20000210      0x200 
                0x20000810                        . = (. + _Min_Stack_Size)
 *fill*         0x20000410      0x400 
                0x20000810                        . = ALIGN (0x8)

/DISCARD/
 libc.a(*)
 libm.a(*)
 libgcc.a(*)

.ARM.attributes
                0x00000000       0x2e
 *(.ARM.attributes)
 .ARM.attributes
                0x00000000       0x20 /Applications/ArmGNUToolchain/13.3.rel1/arm-none-eabi/bin/../lib/gcc/arm-none-eabi/13.3.1/thumb/v7e-m+dp/hard/crti.o
 .ARM.attributes
                0x00000020       0x32 /Applications/ArmGNUToolchain/13.3.rel1/arm-none-eabi/bin/../lib/gcc/arm-none-eabi/13.3.1/thumb/v7e-m+dp/hard/crtbegin.o
 .ARM.attributes
                0x00000052       0x32 build/main.o
 .ARM.attributes
                0x00000084       0x32 build/init.o
 .ARM.attributes
                0x000000b6       0x32 build/led.o
 .ARM.attributes
                0x000000e8       0x32 build/solenoid.o
 .ARM.attributes
                0x0000011a       0x32 build/sensor.o
 .ARM.attributes
                0x0000014c       0x32 build/valve.o
 .ARM.attributes
                0x0000017e       0x32 build/stm32h7xx_it.o
 .ARM.attributes
                0x000001b0       0x32 build/stm32h7xx_hal_msp.o
 .ARM.attributes
                0x000001e2       0x32 build/system_stm32h7xx.o
 .ARM.attributes
                0x00000214       0x32 build/stm32h7xx_hal_cortex.o
 .ARM.attributes
                0x00000246       0x32 build/stm32h7xx_hal_tim.o
 .ARM.attributes
                0x00000278       0x32 build/stm32h7xx_hal_tim_ex.o
 .ARM.attributes
                0x000002aa       0x32 build/stm32h7xx_hal_uart.o
 .ARM.attributes
                0x000002dc       0x32 build/stm32h7xx_hal_uart_ex.o
 .ARM.attributes
                0x0000030e       0x32 build/stm32h7xx_hal_rcc.o
 .ARM.attributes
                0x00000340       0x32 build/stm32h7xx_hal_rcc_ex.o
 .ARM.attributes
                0x00000372       0x32 build/stm32h7xx_hal_gpio.o
 .ARM.attributes
                0x000003a4       0x32 build/stm32h7xx_hal_pwr_ex.o
 .ARM.attributes
                0x000003d6       0x32 build/stm32h7xx_hal.o
 .ARM.attributes
                0x00000408       0x21 build/startup_stm32h750xx.o
 .ARM.attributes
                0x00000429       0x32 /Applications/ArmGNUToolchain/13.3.rel1/arm-none-eabi/bin/../lib/gcc/arm-none-eabi/13.3.1/../../../../arm-none-eabi/lib/thumb/v7e-m+dp/hard/libc_nano.a(libc_a-memset.o)
 .ARM.attributes
                0x0000045b       0x32 /Applications/ArmGNUToolchain/13.3.rel1/arm-none-eabi/bin/../lib/gcc/arm-none-eabi/13.3.1/../../../../arm-none-eabi/lib/thumb/v7e-m+dp/hard/libc_nano.a(libc_a-init.o)
 .ARM.attributes
                0x0000048d       0x20 /Applications/ArmGNUToolchain/13.3.rel1/arm-none-eabi/bin/../lib/gcc/arm-none-eabi/13.3.1/thumb/v7e-m+dp/hard/libgcc.a(_aeabi_uldivmod.o)
 .ARM.attributes
                0x000004ad       0x32 /Applications/ArmGNUToolchain/13.3.rel1/arm-none-eabi/bin/../lib/gcc/arm-none-eabi/13.3.1/thumb/v7e-m+dp/hard/libgcc.a(_udivmoddi4.o)
 .ARM.attributes
                0x000004df       0x20 /Applications/ArmGNUToolchain/13.3.rel1/arm-none-eabi/bin/../lib/gcc/arm-none-eabi/13.3.1/thumb/v7e-m+dp/hard/libgcc.a(_dvmd_tls.o)
 .ARM.attributes
                0x000004ff       0x32 /Applications/ArmGNUToolchain/13.3.rel1/arm-none-eabi/bin/../lib/gcc/arm-none-eabi/13.3.1/thumb/v7e-m+dp/hard/crtend.o
 .ARM.attributes
                0x00000531       0x20 /Applications/ArmGNUToolchain/13.3.rel1/arm-none-eabi/bin/../lib/gcc/arm-none-eabi/13.3.1/thumb/v7e-m+dp/hard/crtn.o
OUTPUT(build/terminal.elf elf32-littlearm)
LOAD linker stubs
LOAD /Applications/ArmGNUToolchain/13.3.rel1/arm-none-eabi/bin/../lib/gcc/arm-none-eabi/13.3.1/../../../../arm-none-eabi/lib/thumb/v7e-m+dp/hard/libc.a
LOAD /Applications/ArmGNUToolchain/13.3.rel1/arm-none-eabi/bin/../lib/gcc/arm-none-eabi/13.3.1/../../../../arm-none-eabi/lib/thumb/v7e-m+dp/hard/libm.a
LOAD /Applications/ArmGNUToolchain/13.3.rel1/arm-none-eabi/bin/../lib/gcc/arm-none-eabi/13.3.1/thumb/v7e-m+dp/hard/libgcc.a

.debug_info     0x00000000    0x1f78a
 .debug_info    0x00000000     0x130b build/main.o
 .debug_info    0x0000130b     0x25c7 build/init.o
 .debug_info    0x000038d2      0x444 build/led.o
 .debug_info    0x00003d16      0x772 build/solenoid.o
 .debug_info    0x00004488      0x9cf build/sensor.o
 .debug_info    0x00004e57     0x1b2b build/valve.o
 .debug_info    0x00006982      0x46d build/stm32h7xx_it.o
 .debug_info    0x00006def     0x18e1 build/stm32h7xx_hal_msp.o
 .debug_info    0x000086d0      0xeb5 build/system_stm32h7xx.o
 .debug_info    0x00009585     0x1527 build/stm32h7xx_hal_cortex.o
 .debug_info    0x0000aaac     0x432d build/stm32h7xx_hal_tim.o
 .debug_info    0x0000edd9     0x2136 build/stm32h7xx_hal_tim_ex.o
 .debug_info    0x00010f0f     0x689f build/stm32h7xx_hal_uart.o
 .debug_info    0x000177ae     0x13d5 build/stm32h7xx_hal_uart_ex.o
 .debug_info    0x00018b83     0x13ef build/stm32h7xx_hal_rcc.o
 .debug_info    0x00019f72     0x1c06 build/stm32h7xx_hal_rcc_ex.o
 .debug_info    0x0001bb78      0xee1 build/stm32h7xx_hal_gpio.o
 .debug_info    0x0001ca59     0x13f1 build/stm32h7xx_hal_pwr_ex.o
 .debug_info    0x0001de4a     0x1910 build/stm32h7xx_hal.o
 .debug_info    0x0001f75a       0x30 build/startup_stm32h750xx.o

.debug_abbrev   0x00000000     0x3008
 .debug_abbrev  0x00000000      0x2dd build/main.o
 .debug_abbrev  0x000002dd      0x268 build/init.o
 .debug_abbrev  0x00000545      0x163 build/led.o
 .debug_abbrev  0x000006a8      0x27e build/solenoid.o
 .debug_abbrev  0x00000926      0x22c build/sensor.o
 .debug_abbrev  0x00000b52      0x2df build/valve.o
 .debug_abbrev  0x00000e31       0xfb build/stm32h7xx_it.o
 .debug_abbrev  0x00000f2c      0x282 build/stm32h7xx_hal_msp.o
 .debug_abbrev  0x000011ae      0x12a build/system_stm32h7xx.o
 .debug_abbrev  0x000012d8      0x3e6 build/stm32h7xx_hal_cortex.o
 .debug_abbrev  0x000016be      0x2b6 build/stm32h7xx_hal_tim.o
 .debug_abbrev  0x00001974      0x2b0 build/stm32h7xx_hal_tim_ex.o
 .debug_abbrev  0x00001c24      0x391 build/stm32h7xx_hal_uart.o
 .debug_abbrev  0x00001fb5      0x348 build/stm32h7xx_hal_uart_ex.o
 .debug_abbrev  0x000022fd      0x29b build/stm32h7xx_hal_rcc.o
 .debug_abbrev  0x00002598      0x285 build/stm32h7xx_hal_rcc_ex.o
 .debug_abbrev  0x0000281d      0x253 build/stm32h7xx_hal_gpio.o
 .debug_abbrev  0x00002a70      0x2ca build/stm32h7xx_hal_pwr_ex.o
 .debug_abbrev  0x00002d3a      0x2b1 build/stm32h7xx_hal.o
 .debug_abbrev  0x00002feb       0x1d build/startup_stm32h750xx.o

.debug_loc      0x00000000    0x16c2a
 .debug_loc     0x00000000      0x459 build/main.o
 .debug_loc     0x00000459      0x14b build/init.o
 .debug_loc     0x000005a4       0xb8 build/led.o
 .debug_loc     0x0000065c      0x5ef build/solenoid.o
 .debug_loc     0x00000c4b      0x715 build/sensor.o
 .debug_loc     0x00001360      0xb1d build/valve.o
 .debug_loc     0x00001e7d       0x60 build/stm32h7xx_it.o
 .debug_loc     0x00001edd      0x212 build/stm32h7xx_hal_msp.o
 .debug_loc     0x000020ef      0x1d8 build/system_stm32h7xx.o
 .debug_loc     0x000022c7      0x898 build/stm32h7xx_hal_cortex.o
 .debug_loc     0x00002b5f     0x6599 build/stm32h7xx_hal_tim.o
 .debug_loc     0x000090f8     0x2b15 build/stm32h7xx_hal_tim_ex.o
 .debug_loc     0x0000bc0d     0x6655 build/stm32h7xx_hal_uart.o
 .debug_loc     0x00012262      0xede build/stm32h7xx_hal_uart_ex.o
 .debug_loc     0x00013140      0xaf1 build/stm32h7xx_hal_rcc.o
 .debug_loc     0x00013c31     0x1efd build/stm32h7xx_hal_rcc_ex.o
 .debug_loc     0x00015b2e      0x4b2 build/stm32h7xx_hal_gpio.o
 .debug_loc     0x00015fe0      0x6af build/stm32h7xx_hal_pwr_ex.o
 .debug_loc     0x0001668f      0x59b build/stm32h7xx_hal.o

.debug_aranges  0x00000000     0x1170
 .debug_aranges
                0x00000000       0x30 build/main.o
 .debug_aranges
                0x00000030       0x48 build/init.o
 .debug_aranges
                0x00000078       0x38 build/led.o
 .debug_aranges
                0x000000b0       0x60 build/solenoid.o
 .debug_aranges
                0x00000110       0x48 build/sensor.o
 .debug_aranges
                0x00000158      0x110 build/valve.o
 .debug_aranges
                0x00000268       0x70 build/stm32h7xx_it.o
 .debug_aranges
                0x000002d8       0x48 build/stm32h7xx_hal_msp.o
 .debug_aranges
                0x00000320       0x28 build/system_stm32h7xx.o
 .debug_aranges
                0x00000348       0xe8 build/stm32h7xx_hal_cortex.o
 .debug_aranges
                0x00000430      0x3e0 build/stm32h7xx_hal_tim.o
 .debug_aranges
                0x00000810      0x188 build/stm32h7xx_hal_tim_ex.o
 .debug_aranges
                0x00000998      0x248 build/stm32h7xx_hal_uart.o
 .debug_aranges
                0x00000be0       0xa0 build/stm32h7xx_hal_uart_ex.o
 .debug_aranges
                0x00000c80       0x88 build/stm32h7xx_hal_rcc.o
 .debug_aranges
                0x00000d08       0xf8 build/stm32h7xx_hal_rcc_ex.o
 .debug_aranges
                0x00000e00       0x58 build/stm32h7xx_hal_gpio.o
 .debug_aranges
                0x00000e58      0x158 build/stm32h7xx_hal_pwr_ex.o
 .debug_aranges
                0x00000fb0      0x198 build/stm32h7xx_hal.o
 .debug_aranges
                0x00001148       0x28 build/startup_stm32h750xx.o

.debug_ranges   0x00000000     0x1158
 .debug_ranges  0x00000000       0x38 build/main.o
 .debug_ranges  0x00000038       0x38 build/init.o
 .debug_ranges  0x00000070       0x28 build/led.o
 .debug_ranges  0x00000098       0x70 build/solenoid.o
 .debug_ranges  0x00000108       0x50 build/sensor.o
 .debug_ranges  0x00000158      0x100 build/valve.o
 .debug_ranges  0x00000258       0x60 build/stm32h7xx_it.o
 .debug_ranges  0x000002b8       0x38 build/stm32h7xx_hal_msp.o
 .debug_ranges  0x000002f0       0x18 build/system_stm32h7xx.o
 .debug_ranges  0x00000308       0xd8 build/stm32h7xx_hal_cortex.o
 .debug_ranges  0x000003e0      0x3d0 build/stm32h7xx_hal_tim.o
 .debug_ranges  0x000007b0      0x178 build/stm32h7xx_hal_tim_ex.o
 .debug_ranges  0x00000928      0x238 build/stm32h7xx_hal_uart.o
 .debug_ranges  0x00000b60       0x90 build/stm32h7xx_hal_uart_ex.o
 .debug_ranges  0x00000bf0       0xe8 build/stm32h7xx_hal_rcc.o
 .debug_ranges  0x00000cd8       0xe8 build/stm32h7xx_hal_rcc_ex.o
 .debug_ranges  0x00000dc0       0x48 build/stm32h7xx_hal_gpio.o
 .debug_ranges  0x00000e08      0x1a8 build/stm32h7xx_hal_pwr_ex.o
 .debug_ranges  0x00000fb0      0x188 build/stm32h7xx_hal.o
 .debug_ranges  0x00001138       0x20 build/startup_stm32h750xx.o

.debug_line     0x00000000    0x148dd
 .debug_line    0x00000000      0x532 build/main.o
 .debug_line    0x00000532      0x8a2 build/init.o
 .debug_line    0x00000dd4      0x21e build/led.o
 .debug_line    0x00000ff2      0x3dd build/solenoid.o
 .debug_line    0x000013cf      0x58d build/sensor.o
 .debug_line    0x0000195c      0xac9 build/valve.o
 .debug_line    0x00002425      0x2ec build/stm32h7xx_it.o
 .debug_line    0x00002711      0x4af build/stm32h7xx_hal_msp.o
 .debug_line    0x00002bc0      0x481 build/system_stm32h7xx.o
 .debug_line    0x00003041      0x83f build/stm32h7xx_hal_cortex.o
 .debug_line    0x00003880     0x4a69 build/stm32h7xx_hal_tim.o
 .debug_line    0x000082e9     0x1d40 build/stm32h7xx_hal_tim_ex.o
 .debug_line    0x0000a029     0x5052 build/stm32h7xx_hal_uart.o
 .debug_line    0x0000f07b      0xadd build/stm32h7xx_hal_uart_ex.o
 .debug_line    0x0000fb58     0x134c build/stm32h7xx_hal_rcc.o
 .debug_line    0x00010ea4     0x1e36 build/stm32h7xx_hal_rcc_ex.o
 .debug_line    0x00012cda      0x738 build/stm32h7xx_hal_gpio.o
 .debug_line    0x00013412      0xb3d build/stm32h7xx_hal_pwr_ex.o
 .debug_line    0x00013f4f      0x91b build/stm32h7xx_hal.o
 .debug_line    0x0001486a       0x73 build/startup_stm32h750xx.o

.debug_str      0x00000000     0x67a2
 .debug_str     0x00000000     0x67a2 build/main.o
                                0xef4 (size before relaxing)
 .debug_str     0x000067a2     0x1baf build/init.o
 .debug_str     0x000067a2      0x2d4 build/led.o
 .debug_str     0x000067a2      0x45a build/solenoid.o
 .debug_str     0x000067a2      0x726 build/sensor.o
 .debug_str     0x000067a2     0x1171 build/valve.o
 .debug_str     0x000067a2      0x3c4 build/stm32h7xx_it.o
 .debug_str     0x000067a2     0x115f build/stm32h7xx_hal_msp.o
 .debug_str     0x000067a2      0x743 build/system_stm32h7xx.o
 .debug_str     0x000067a2     0x1063 build/stm32h7xx_hal_cortex.o
 .debug_str     0x000067a2     0x1865 build/stm32h7xx_hal_tim.o
 .debug_str     0x000067a2     0x119d build/stm32h7xx_hal_tim_ex.o
 .debug_str     0x000067a2     0x149c build/stm32h7xx_hal_uart.o
 .debug_str     0x000067a2      0xb76 build/stm32h7xx_hal_uart_ex.o
 .debug_str     0x000067a2      0xa2b build/stm32h7xx_hal_rcc.o
 .debug_str     0x000067a2      0xf0d build/stm32h7xx_hal_rcc_ex.o
 .debug_str     0x000067a2      0x6e5 build/stm32h7xx_hal_gpio.o
 .debug_str     0x000067a2      0xa5a build/stm32h7xx_hal_pwr_ex.o
 .debug_str     0x000067a2     0x14da build/stm32h7xx_hal.o
 .debug_str     0x000067a2       0x84 build/startup_stm32h750xx.o

.comment        0x00000000       0x45
 .comment       0x00000000       0x45 build/main.o
                                 0x46 (size before relaxing)
 .comment       0x00000045       0x46 build/init.o
 .comment       0x00000045       0x46 build/led.o
 .comment       0x00000045       0x46 build/solenoid.o
 .comment       0x00000045       0x46 build/sensor.o
 .comment       0x00000045       0x46 build/valve.o
 .comment       0x00000045       0x46 build/stm32h7xx_it.o
 .comment       0x00000045       0x46 build/stm32h7xx_hal_msp.o
 .comment       0x00000045       0x46 build/system_stm32h7xx.o
 .comment       0x00000045       0x46 build/stm32h7xx_hal_cortex.o
 .comment       0x00000045       0x46 build/stm32h7xx_hal_tim.o
 .comment       0x00000045       0x46 build/stm32h7xx_hal_tim_ex.o
 .comment       0x00000045       0x46 build/stm32h7xx_hal_uart.o
 .comment       0x00000045       0x46 build/stm32h7xx_hal_uart_ex.o
 .comment       0x00000045       0x46 build/stm32h7xx_hal_rcc.o
 .comment       0x00000045       0x46 build/stm32h7xx_hal_rcc_ex.o
 .comment       0x00000045       0x46 build/stm32h7xx_hal_gpio.o
 .comment       0x00000045       0x46 build/stm32h7xx_hal_pwr_ex.o
 .comment       0x00000045       0x46 build/stm32h7xx_hal.o

.debug_frame    0x00000000     0x2e40
 .debug_frame   0x00000000       0x60 build/main.o
 .debug_frame   0x00000060       0xcc build/init.o
 .debug_frame   0x0000012c       0x70 build/led.o
 .debug_frame   0x0000019c      0x120 build/solenoid.o
 .debug_frame   0x000002bc       0xc4 build/sensor.o
 .debug_frame   0x00000380      0x2d4 build/valve.o
 .debug_frame   0x00000654       0xd8 build/stm32h7xx_it.o
 .debug_frame   0x0000072c       0xb0 build/stm32h7xx_hal_msp.o
 .debug_frame   0x000007dc       0x3c build/system_stm32h7xx.o
 .debug_frame   0x00000818      0x1f4 build/stm32h7xx_hal_cortex.o
 .debug_frame   0x00000a0c      0xb6c build/stm32h7xx_hal_tim.o
 .debug_frame   0x00001578      0x494 build/stm32h7xx_hal_tim_ex.o
 .debug_frame   0x00001a0c      0x688 build/stm32h7xx_hal_uart.o
 .debug_frame   0x00002094      0x1c8 build/stm32h7xx_hal_uart_ex.o
 .debug_frame   0x0000225c      0x18c build/stm32h7xx_hal_rcc.o
 .debug_frame   0x000023e8      0x284 build/stm32h7xx_hal_rcc_ex.o
 .debug_frame   0x0000266c       0xd4 build/stm32h7xx_hal_gpio.o
 .debug_frame   0x00002740      0x2f4 build/stm32h7xx_hal_pwr_ex.o
 .debug_frame   0x00002a34      0x360 build/stm32h7xx_hal.o
 .debug_frame   0x00002d94       0x20 /Applications/ArmGNUToolchain/13.3.rel1/arm-none-eabi/bin/../lib/gcc/arm-none-eabi/13.3.1/../../../../arm-none-eabi/lib/thumb/v7e-m+dp/hard/libc_nano.a(libc_a-memset.o)
 .debug_frame   0x00002db4       0x2c /Applications/ArmGNUToolchain/13.3.rel1/arm-none-eabi/bin/../lib/gcc/arm-none-eabi/13.3.1/../../../../arm-none-eabi/lib/thumb/v7e-m+dp/hard/libc_nano.a(libc_a-init.o)
 .debug_frame   0x00002de0       0x2c /Applications/ArmGNUToolchain/13.3.rel1/arm-none-eabi/bin/../lib/gcc/arm-none-eabi/13.3.1/thumb/v7e-m+dp/hard/libgcc.a(_aeabi_uldivmod.o)
 .debug_frame   0x00002e0c       0x34 /Applications/ArmGNUToolchain/13.3.rel1/arm-none-eabi/bin/../lib/gcc/arm-none-eabi/13.3.1/thumb/v7e-m+dp/hard/libgcc.a(_udivmoddi4.o)

.debug_line_str
                0x00000000       0xde
 .debug_line_str
                0x00000000       0xde /Applications/ArmGNUToolchain/13.3.rel1/arm-none-eabi/bin/../lib/gcc/arm-none-eabi/13.3.1/thumb/v7e-m+dp/hard/libgcc.a(_aeabi_uldivmod.o)
                                 0xd2 (size before relaxing)
 .debug_line_str
                0x000000de       0xd6 /Applications/ArmGNUToolchain/13.3.rel1/arm-none-eabi/bin/../lib/gcc/arm-none-eabi/13.3.1/thumb/v7e-m+dp/hard/libgcc.a(_dvmd_tls.o)

Cross Reference Table

Symbol                                            File
ADC3_IRQHandler                                   build/startup_stm32h750xx.o
ADC_IRQHandler                                    build/startup_stm32h750xx.o
BDMA_Channel0_IRQHandler                          build/startup_stm32h750xx.o
BDMA_Channel1_IRQHandler                          build/startup_stm32h750xx.o
BDMA_Channel2_IRQHandler                          build/startup_stm32h750xx.o
BDMA_Channel3_IRQHandler                          build/startup_stm32h750xx.o
BDMA_Channel4_IRQHandler                          build/startup_stm32h750xx.o
BDMA_Channel5_IRQHandler                          build/startup_stm32h750xx.o
BDMA_Channel6_IRQHandler                          build/startup_stm32h750xx.o
BDMA_Channel7_IRQHandler                          build/startup_stm32h750xx.o
BusFault_Handler                                  build/stm32h7xx_it.o
CEC_IRQHandler                                    build/startup_stm32h750xx.o
COMP1_IRQHandler                                  build/startup_stm32h750xx.o
CRS_IRQHandler                                    build/startup_stm32h750xx.o
CRYP_IRQHandler                                   build/startup_stm32h750xx.o
D1CorePrescTable                                  build/system_stm32h7xx.o
                                                  build/stm32h7xx_hal.o
                                                  build/stm32h7xx_hal_rcc_ex.o
                                                  build/stm32h7xx_hal_rcc.o
DCMI_IRQHandler                                   build/startup_stm32h750xx.o
DFSDM1_FLT0_IRQHandler                            build/startup_stm32h750xx.o
DFSDM1_FLT1_IRQHandler                            build/startup_stm32h750xx.o
DFSDM1_FLT2_IRQHandler                            build/startup_stm32h750xx.o
DFSDM1_FLT3_IRQHandler                            build/startup_stm32h750xx.o
DMA1_Stream0_IRQHandler                           build/startup_stm32h750xx.o
DMA1_Stream1_IRQHandler                           build/startup_stm32h750xx.o
DMA1_Stream2_IRQHandler                           build/startup_stm32h750xx.o
DMA1_Stream3_IRQHandler                           build/startup_stm32h750xx.o
DMA1_Stream4_IRQHandler                           build/startup_stm32h750xx.o
DMA1_Stream5_IRQHandler                           build/startup_stm32h750xx.o
DMA1_Stream6_IRQHandler                           build/startup_stm32h750xx.o
DMA1_Stream7_IRQHandler                           build/startup_stm32h750xx.o
DMA2D_IRQHandler                                  build/startup_stm32h750xx.o
DMA2_Stream0_IRQHandler                           build/startup_stm32h750xx.o
DMA2_Stream1_IRQHandler                           build/startup_stm32h750xx.o
DMA2_Stream2_IRQHandler                           build/startup_stm32h750xx.o
DMA2_Stream3_IRQHandler                           build/startup_stm32h750xx.o
DMA2_Stream4_IRQHandler                           build/startup_stm32h750xx.o
DMA2_Stream5_IRQHandler                           build/startup_stm32h750xx.o
DMA2_Stream6_IRQHandler                           build/startup_stm32h750xx.o
DMA2_Stream7_IRQHandler                           build/startup_stm32h750xx.o
DMAMUX1_OVR_IRQHandler                            build/startup_stm32h750xx.o
DMAMUX2_OVR_IRQHandler                            build/startup_stm32h750xx.o
DebugMon_Handler                                  build/stm32h7xx_it.o
Default_Handler                                   build/startup_stm32h750xx.o
ECC_IRQHandler                                    build/startup_stm32h750xx.o
ETH_IRQHandler                                    build/startup_stm32h750xx.o
ETH_WKUP_IRQHandler                               build/startup_stm32h750xx.o
EXTI0_IRQHandler                                  build/startup_stm32h750xx.o
EXTI15_10_IRQHandler                              build/stm32h7xx_it.o
EXTI1_IRQHandler                                  build/startup_stm32h750xx.o
EXTI2_IRQHandler                                  build/startup_stm32h750xx.o
EXTI3_IRQHandler                                  build/startup_stm32h750xx.o
EXTI4_IRQHandler                                  build/startup_stm32h750xx.o
EXTI9_5_IRQHandler                                build/stm32h7xx_it.o
Error_Handler                                     build/main.o
                                                  build/stm32h7xx_hal_msp.o
                                                  build/init.o
FDCAN1_IT0_IRQHandler                             build/startup_stm32h750xx.o
FDCAN1_IT1_IRQHandler                             build/startup_stm32h750xx.o
FDCAN2_IT0_IRQHandler                             build/startup_stm32h750xx.o
FDCAN2_IT1_IRQHandler                             build/startup_stm32h750xx.o
FDCAN_CAL_IRQHandler                              build/startup_stm32h750xx.o
FLASH_CRC_WaitForLastOperation                    build/stm32h7xx_hal_flash.o
                                                  build/stm32h7xx_hal_flash_ex.o
FLASH_Erase_Sector                                build/stm32h7xx_hal_flash_ex.o
                                                  build/stm32h7xx_hal_flash.o
FLASH_IRQHandler                                  build/startup_stm32h750xx.o
FLASH_OB_WaitForLastOperation                     build/stm32h7xx_hal_flash.o
                                                  build/stm32h7xx_hal_flash_ex.o
FLASH_WaitForLastOperation                        build/stm32h7xx_hal_flash.o
                                                  build/stm32h7xx_hal_flash_ex.o
FMC_IRQHandler                                    build/startup_stm32h750xx.o
FPU_IRQHandler                                    build/startup_stm32h750xx.o
Fuel_Valve_TIM_Init                               build/init.o
                                                  build/main.o
GPIO_Init                                         build/init.o
                                                  build/main.o
HAL_DBGMCU_DisableDBGSleepMode                    build/stm32h7xx_hal.o
HAL_DBGMCU_DisableDBGStandbyMode                  build/stm32h7xx_hal.o
HAL_DBGMCU_DisableDBGStopMode                     build/stm32h7xx_hal.o
HAL_DBGMCU_EnableDBGSleepMode                     build/stm32h7xx_hal.o
HAL_DBGMCU_EnableDBGStandbyMode                   build/stm32h7xx_hal.o
HAL_DBGMCU_EnableDBGStopMode                      build/stm32h7xx_hal.o
HAL_DMAEx_ChangeMemory                            build/stm32h7xx_hal_dma_ex.o
HAL_DMAEx_ConfigMuxRequestGenerator               build/stm32h7xx_hal_dma_ex.o
HAL_DMAEx_ConfigMuxSync                           build/stm32h7xx_hal_dma_ex.o
HAL_DMAEx_DisableMuxRequestGenerator              build/stm32h7xx_hal_dma_ex.o
HAL_DMAEx_EnableMuxRequestGenerator               build/stm32h7xx_hal_dma_ex.o
HAL_DMAEx_MUX_IRQHandler                          build/stm32h7xx_hal_dma_ex.o
HAL_DMAEx_MultiBufferStart                        build/stm32h7xx_hal_dma_ex.o
HAL_DMAEx_MultiBufferStart_IT                     build/stm32h7xx_hal_dma_ex.o
HAL_DMA_Abort                                     build/stm32h7xx_hal_dma.o
                                                  build/stm32h7xx_hal_uart.o
HAL_DMA_Abort_IT                                  build/stm32h7xx_hal_dma.o
                                                  build/stm32h7xx_hal_i2c.o
                                                  build/stm32h7xx_hal_uart.o
                                                  build/stm32h7xx_hal_tim_ex.o
                                                  build/stm32h7xx_hal_tim.o
HAL_DMA_DeInit                                    build/stm32h7xx_hal_dma.o
HAL_DMA_GetError                                  build/stm32h7xx_hal_dma.o
                                                  build/stm32h7xx_hal_i2c.o
                                                  build/stm32h7xx_hal_uart.o
HAL_DMA_GetState                                  build/stm32h7xx_hal_dma.o
                                                  build/stm32h7xx_hal_i2c.o
HAL_DMA_IRQHandler                                build/stm32h7xx_hal_dma.o
HAL_DMA_Init                                      build/stm32h7xx_hal_dma.o
HAL_DMA_PollForTransfer                           build/stm32h7xx_hal_dma.o
HAL_DMA_RegisterCallback                          build/stm32h7xx_hal_dma.o
HAL_DMA_Start                                     build/stm32h7xx_hal_dma.o
HAL_DMA_Start_IT                                  build/stm32h7xx_hal_dma.o
                                                  build/stm32h7xx_hal_i2c.o
                                                  build/stm32h7xx_hal_uart.o
                                                  build/stm32h7xx_hal_tim_ex.o
                                                  build/stm32h7xx_hal_tim.o
HAL_DMA_UnRegisterCallback                        build/stm32h7xx_hal_dma.o
HAL_DeInit                                        build/stm32h7xx_hal.o
HAL_Delay                                         build/stm32h7xx_hal.o
                                                  build/valve.o
                                                  build/led.o
                                                  build/main.o
HAL_DisableCompensationCell                       build/stm32h7xx_hal.o
HAL_EXTI_ClearConfigLine                          build/stm32h7xx_hal_exti.o
HAL_EXTI_ClearPending                             build/stm32h7xx_hal_exti.o
HAL_EXTI_D1_ClearFlag                             build/stm32h7xx_hal.o
HAL_EXTI_D1_EventInputConfig                      build/stm32h7xx_hal.o
HAL_EXTI_D3_EventInputConfig                      build/stm32h7xx_hal.o
HAL_EXTI_EdgeConfig                               build/stm32h7xx_hal.o
HAL_EXTI_GenerateSWI                              build/stm32h7xx_hal_exti.o
HAL_EXTI_GenerateSWInterrupt                      build/stm32h7xx_hal.o
HAL_EXTI_GetConfigLine                            build/stm32h7xx_hal_exti.o
HAL_EXTI_GetHandle                                build/stm32h7xx_hal_exti.o
HAL_EXTI_GetPending                               build/stm32h7xx_hal_exti.o
HAL_EXTI_IRQHandler                               build/stm32h7xx_hal_exti.o
HAL_EXTI_RegisterCallback                         build/stm32h7xx_hal_exti.o
HAL_EXTI_SetConfigLine                            build/stm32h7xx_hal_exti.o
HAL_EnableCompensationCell                        build/stm32h7xx_hal.o
HAL_FLASHEx_ComputeCRC                            build/stm32h7xx_hal_flash_ex.o
HAL_FLASHEx_Erase                                 build/stm32h7xx_hal_flash_ex.o
HAL_FLASHEx_Erase_IT                              build/stm32h7xx_hal_flash_ex.o
HAL_FLASHEx_Lock_Bank1                            build/stm32h7xx_hal_flash_ex.o
HAL_FLASHEx_OBGetConfig                           build/stm32h7xx_hal_flash_ex.o
HAL_FLASHEx_OBProgram                             build/stm32h7xx_hal_flash_ex.o
HAL_FLASHEx_Unlock_Bank1                          build/stm32h7xx_hal_flash_ex.o
HAL_FLASH_EndOfOperationCallback                  build/stm32h7xx_hal_flash.o
HAL_FLASH_GetError                                build/stm32h7xx_hal_flash.o
HAL_FLASH_IRQHandler                              build/stm32h7xx_hal_flash.o
HAL_FLASH_Lock                                    build/stm32h7xx_hal_flash.o
HAL_FLASH_OB_Launch                               build/stm32h7xx_hal_flash.o
HAL_FLASH_OB_Lock                                 build/stm32h7xx_hal_flash.o
HAL_FLASH_OB_Unlock                               build/stm32h7xx_hal_flash.o
HAL_FLASH_OperationErrorCallback                  build/stm32h7xx_hal_flash.o
HAL_FLASH_Program                                 build/stm32h7xx_hal_flash.o
HAL_FLASH_Program_IT                              build/stm32h7xx_hal_flash.o
HAL_FLASH_Unlock                                  build/stm32h7xx_hal_flash.o
HAL_GPIO_DeInit                                   build/stm32h7xx_hal_gpio.o
                                                  build/stm32h7xx_hal_msp.o
HAL_GPIO_EXTI_Callback                            build/stm32h7xx_hal_gpio.o
HAL_GPIO_EXTI_IRQHandler                          build/stm32h7xx_hal_gpio.o
HAL_GPIO_Init                                     build/stm32h7xx_hal_gpio.o
                                                  build/stm32h7xx_hal_rcc.o
                                                  build/stm32h7xx_hal_msp.o
                                                  build/init.o
HAL_GPIO_LockPin                                  build/stm32h7xx_hal_gpio.o
HAL_GPIO_ReadPin                                  build/stm32h7xx_hal_gpio.o
                                                  build/valve.o
                                                  build/usb.o
                                                  build/solenoid.o
HAL_GPIO_TogglePin                                build/stm32h7xx_hal_gpio.o
                                                  build/solenoid.o
HAL_GPIO_WritePin                                 build/stm32h7xx_hal_gpio.o
                                                  build/valve.o
                                                  build/solenoid.o
                                                  build/led.o
                                                  build/init.o
HAL_GetCurrentCPUID                               build/stm32h7xx_hal_cortex.o
HAL_GetDEVID                                      build/stm32h7xx_hal.o
HAL_GetFMCMemorySwappingConfig                    build/stm32h7xx_hal.o
HAL_GetHalVersion                                 build/stm32h7xx_hal.o
HAL_GetREVID                                      build/stm32h7xx_hal.o
                                                  build/stm32h7xx_hal_rcc_ex.o
                                                  build/stm32h7xx_hal_rcc.o
HAL_GetTick                                       build/stm32h7xx_hal.o
                                                  build/stm32h7xx_hal_i2c.o
                                                  build/stm32h7xx_hal_pwr_ex.o
                                                  build/stm32h7xx_hal_mdma.o
                                                  build/stm32h7xx_hal_dma.o
                                                  build/stm32h7xx_hal_flash.o
                                                  build/stm32h7xx_hal_rcc_ex.o
                                                  build/stm32h7xx_hal_rcc.o
                                                  build/stm32h7xx_hal_uart_ex.o
                                                  build/stm32h7xx_hal_uart.o
HAL_GetTickFreq                                   build/stm32h7xx_hal.o
HAL_GetTickPrio                                   build/stm32h7xx_hal.o
HAL_GetUIDw0                                      build/stm32h7xx_hal.o
HAL_GetUIDw1                                      build/stm32h7xx_hal.o
HAL_GetUIDw2                                      build/stm32h7xx_hal.o
HAL_HSEM_ActivateNotification                     build/stm32h7xx_hal_hsem.o
HAL_HSEM_DeactivateNotification                   build/stm32h7xx_hal_hsem.o
HAL_HSEM_FastTake                                 build/stm32h7xx_hal_hsem.o
HAL_HSEM_FreeCallback                             build/stm32h7xx_hal_hsem.o
HAL_HSEM_GetClearKey                              build/stm32h7xx_hal_hsem.o
HAL_HSEM_IRQHandler                               build/stm32h7xx_hal_hsem.o
HAL_HSEM_IsSemTaken                               build/stm32h7xx_hal_hsem.o
HAL_HSEM_Release                                  build/stm32h7xx_hal_hsem.o
HAL_HSEM_ReleaseAll                               build/stm32h7xx_hal_hsem.o
HAL_HSEM_SetClearKey                              build/stm32h7xx_hal_hsem.o
HAL_HSEM_Take                                     build/stm32h7xx_hal_hsem.o
HAL_HalfDuplex_EnableReceiver                     build/stm32h7xx_hal_uart.o
HAL_HalfDuplex_EnableTransmitter                  build/stm32h7xx_hal_uart.o
HAL_HalfDuplex_Init                               build/stm32h7xx_hal_uart.o
HAL_I2CEx_ConfigAnalogFilter                      build/stm32h7xx_hal_i2c_ex.o
HAL_I2CEx_ConfigDigitalFilter                     build/stm32h7xx_hal_i2c_ex.o
HAL_I2CEx_DisableFastModePlus                     build/stm32h7xx_hal_i2c_ex.o
HAL_I2CEx_DisableWakeUp                           build/stm32h7xx_hal_i2c_ex.o
HAL_I2CEx_EnableFastModePlus                      build/stm32h7xx_hal_i2c_ex.o
HAL_I2CEx_EnableWakeUp                            build/stm32h7xx_hal_i2c_ex.o
HAL_I2C_AbortCpltCallback                         build/stm32h7xx_hal_i2c.o
HAL_I2C_AddrCallback                              build/stm32h7xx_hal_i2c.o
HAL_I2C_DeInit                                    build/stm32h7xx_hal_i2c.o
HAL_I2C_DisableListen_IT                          build/stm32h7xx_hal_i2c.o
HAL_I2C_ER_IRQHandler                             build/stm32h7xx_hal_i2c.o
HAL_I2C_EV_IRQHandler                             build/stm32h7xx_hal_i2c.o
HAL_I2C_EnableListen_IT                           build/stm32h7xx_hal_i2c.o
HAL_I2C_ErrorCallback                             build/stm32h7xx_hal_i2c.o
HAL_I2C_GetError                                  build/stm32h7xx_hal_i2c.o
HAL_I2C_GetMode                                   build/stm32h7xx_hal_i2c.o
HAL_I2C_GetState                                  build/stm32h7xx_hal_i2c.o
HAL_I2C_Init                                      build/stm32h7xx_hal_i2c.o
HAL_I2C_IsDeviceReady                             build/stm32h7xx_hal_i2c.o
HAL_I2C_ListenCpltCallback                        build/stm32h7xx_hal_i2c.o
HAL_I2C_MasterRxCpltCallback                      build/stm32h7xx_hal_i2c.o
HAL_I2C_MasterTxCpltCallback                      build/stm32h7xx_hal_i2c.o
HAL_I2C_Master_Abort_IT                           build/stm32h7xx_hal_i2c.o
HAL_I2C_Master_Receive                            build/stm32h7xx_hal_i2c.o
HAL_I2C_Master_Receive_DMA                        build/stm32h7xx_hal_i2c.o
HAL_I2C_Master_Receive_IT                         build/stm32h7xx_hal_i2c.o
HAL_I2C_Master_Seq_Receive_DMA                    build/stm32h7xx_hal_i2c.o
HAL_I2C_Master_Seq_Receive_IT                     build/stm32h7xx_hal_i2c.o
HAL_I2C_Master_Seq_Transmit_DMA                   build/stm32h7xx_hal_i2c.o
HAL_I2C_Master_Seq_Transmit_IT                    build/stm32h7xx_hal_i2c.o
HAL_I2C_Master_Transmit                           build/stm32h7xx_hal_i2c.o
HAL_I2C_Master_Transmit_DMA                       build/stm32h7xx_hal_i2c.o
HAL_I2C_Master_Transmit_IT                        build/stm32h7xx_hal_i2c.o
HAL_I2C_MemRxCpltCallback                         build/stm32h7xx_hal_i2c.o
HAL_I2C_MemTxCpltCallback                         build/stm32h7xx_hal_i2c.o
HAL_I2C_Mem_Read                                  build/stm32h7xx_hal_i2c.o
HAL_I2C_Mem_Read_DMA                              build/stm32h7xx_hal_i2c.o
HAL_I2C_Mem_Read_IT                               build/stm32h7xx_hal_i2c.o
HAL_I2C_Mem_Write                                 build/stm32h7xx_hal_i2c.o
HAL_I2C_Mem_Write_DMA                             build/stm32h7xx_hal_i2c.o
HAL_I2C_Mem_Write_IT                              build/stm32h7xx_hal_i2c.o
HAL_I2C_MspDeInit                                 build/stm32h7xx_hal_i2c.o
HAL_I2C_MspInit                                   build/stm32h7xx_hal_i2c.o
HAL_I2C_SlaveRxCpltCallback                       build/stm32h7xx_hal_i2c.o
HAL_I2C_SlaveTxCpltCallback                       build/stm32h7xx_hal_i2c.o
HAL_I2C_Slave_Receive                             build/stm32h7xx_hal_i2c.o
HAL_I2C_Slave_Receive_DMA                         build/stm32h7xx_hal_i2c.o
HAL_I2C_Slave_Receive_IT                          build/stm32h7xx_hal_i2c.o
HAL_I2C_Slave_Seq_Receive_DMA                     build/stm32h7xx_hal_i2c.o
HAL_I2C_Slave_Seq_Receive_IT                      build/stm32h7xx_hal_i2c.o
HAL_I2C_Slave_Seq_Transmit_DMA                    build/stm32h7xx_hal_i2c.o
HAL_I2C_Slave_Seq_Transmit_IT                     build/stm32h7xx_hal_i2c.o
HAL_I2C_Slave_Transmit                            build/stm32h7xx_hal_i2c.o
HAL_I2C_Slave_Transmit_DMA                        build/stm32h7xx_hal_i2c.o
HAL_I2C_Slave_Transmit_IT                         build/stm32h7xx_hal_i2c.o
HAL_IncTick                                       build/stm32h7xx_hal.o
                                                  build/stm32h7xx_it.o
HAL_Init                                          build/stm32h7xx_hal.o
                                                  build/main.o
HAL_InitTick                                      build/stm32h7xx_hal.o
                                                  build/stm32h7xx_hal_rcc.o
HAL_LIN_Init                                      build/stm32h7xx_hal_uart.o
HAL_LIN_SendBreak                                 build/stm32h7xx_hal_uart.o
HAL_MDMA_Abort                                    build/stm32h7xx_hal_mdma.o
HAL_MDMA_Abort_IT                                 build/stm32h7xx_hal_mdma.o
HAL_MDMA_ConfigPostRequestMask                    build/stm32h7xx_hal_mdma.o
HAL_MDMA_DeInit                                   build/stm32h7xx_hal_mdma.o
HAL_MDMA_GenerateSWRequest                        build/stm32h7xx_hal_mdma.o
HAL_MDMA_GetError                                 build/stm32h7xx_hal_mdma.o
HAL_MDMA_GetState                                 build/stm32h7xx_hal_mdma.o
HAL_MDMA_IRQHandler                               build/stm32h7xx_hal_mdma.o
HAL_MDMA_Init                                     build/stm32h7xx_hal_mdma.o
HAL_MDMA_LinkedList_AddNode                       build/stm32h7xx_hal_mdma.o
HAL_MDMA_LinkedList_CreateNode                    build/stm32h7xx_hal_mdma.o
HAL_MDMA_LinkedList_DisableCircularMode           build/stm32h7xx_hal_mdma.o
HAL_MDMA_LinkedList_EnableCircularMode            build/stm32h7xx_hal_mdma.o
HAL_MDMA_LinkedList_RemoveNode                    build/stm32h7xx_hal_mdma.o
HAL_MDMA_PollForTransfer                          build/stm32h7xx_hal_mdma.o
HAL_MDMA_RegisterCallback                         build/stm32h7xx_hal_mdma.o
HAL_MDMA_Start                                    build/stm32h7xx_hal_mdma.o
HAL_MDMA_Start_IT                                 build/stm32h7xx_hal_mdma.o
HAL_MDMA_UnRegisterCallback                       build/stm32h7xx_hal_mdma.o
HAL_MPU_ConfigRegion                              build/stm32h7xx_hal_cortex.o
HAL_MPU_Disable                                   build/stm32h7xx_hal_cortex.o
HAL_MPU_Enable                                    build/stm32h7xx_hal_cortex.o
HAL_MspDeInit                                     build/stm32h7xx_hal.o
HAL_MspInit                                       build/stm32h7xx_hal_msp.o
HAL_MultiProcessorEx_AddressLength_Set            build/stm32h7xx_hal_uart_ex.o
HAL_MultiProcessor_DisableMuteMode                build/stm32h7xx_hal_uart.o
HAL_MultiProcessor_EnableMuteMode                 build/stm32h7xx_hal_uart.o
HAL_MultiProcessor_EnterMuteMode                  build/stm32h7xx_hal_uart.o
HAL_MultiProcessor_Init                           build/stm32h7xx_hal_uart.o
HAL_NVIC_ClearPendingIRQ                          build/stm32h7xx_hal_cortex.o
HAL_NVIC_DisableIRQ                               build/stm32h7xx_hal_cortex.o
HAL_NVIC_EnableIRQ                                build/stm32h7xx_hal_cortex.o
                                                  build/init.o
HAL_NVIC_GetActive                                build/stm32h7xx_hal_cortex.o
HAL_NVIC_GetPendingIRQ                            build/stm32h7xx_hal_cortex.o
HAL_NVIC_GetPriority                              build/stm32h7xx_hal_cortex.o
HAL_NVIC_GetPriorityGrouping                      build/stm32h7xx_hal_cortex.o
HAL_NVIC_SetPendingIRQ                            build/stm32h7xx_hal_cortex.o
HAL_NVIC_SetPriority                              build/stm32h7xx_hal_cortex.o
                                                  build/stm32h7xx_hal.o
                                                  build/init.o
HAL_NVIC_SetPriorityGrouping                      build/stm32h7xx_hal_cortex.o
                                                  build/stm32h7xx_hal.o
HAL_NVIC_SystemReset                              build/stm32h7xx_hal_cortex.o
HAL_PWREx_AVDCallback                             build/stm32h7xx_hal_pwr_ex.o
HAL_PWREx_ClearPendingEvent                       build/stm32h7xx_hal_pwr_ex.o
HAL_PWREx_ClearWakeupFlag                         build/stm32h7xx_hal_pwr_ex.o
HAL_PWREx_ConfigAVD                               build/stm32h7xx_hal_pwr_ex.o
HAL_PWREx_ConfigD3Domain                          build/stm32h7xx_hal_pwr_ex.o
HAL_PWREx_ConfigSupply                            build/stm32h7xx_hal_pwr_ex.o
                                                  build/init.o
HAL_PWREx_ControlStopModeVoltageScaling           build/stm32h7xx_hal_pwr_ex.o
HAL_PWREx_ControlVoltageScaling                   build/stm32h7xx_hal_pwr_ex.o
HAL_PWREx_DisableAVD                              build/stm32h7xx_hal_pwr_ex.o
HAL_PWREx_DisableBatteryCharging                  build/stm32h7xx_hal_pwr_ex.o
HAL_PWREx_DisableBkUpReg                          build/stm32h7xx_hal_pwr_ex.o
HAL_PWREx_DisableFlashPowerDown                   build/stm32h7xx_hal_pwr_ex.o
HAL_PWREx_DisableMonitoring                       build/stm32h7xx_hal_pwr_ex.o
HAL_PWREx_DisableUSBReg                           build/stm32h7xx_hal_pwr_ex.o
HAL_PWREx_DisableUSBVoltageDetector               build/stm32h7xx_hal_pwr_ex.o
HAL_PWREx_DisableWakeUpPin                        build/stm32h7xx_hal_pwr_ex.o
HAL_PWREx_EnableAVD                               build/stm32h7xx_hal_pwr_ex.o
HAL_PWREx_EnableBatteryCharging                   build/stm32h7xx_hal_pwr_ex.o
HAL_PWREx_EnableBkUpReg                           build/stm32h7xx_hal_pwr_ex.o
HAL_PWREx_EnableFlashPowerDown                    build/stm32h7xx_hal_pwr_ex.o
HAL_PWREx_EnableMonitoring                        build/stm32h7xx_hal_pwr_ex.o
HAL_PWREx_EnableUSBReg                            build/stm32h7xx_hal_pwr_ex.o
HAL_PWREx_EnableUSBVoltageDetector                build/stm32h7xx_hal_pwr_ex.o
HAL_PWREx_EnableWakeUpPin                         build/stm32h7xx_hal_pwr_ex.o
HAL_PWREx_EnterSTANDBYMode                        build/stm32h7xx_hal_pwr_ex.o
HAL_PWREx_EnterSTOPMode                           build/stm32h7xx_hal_pwr_ex.o
HAL_PWREx_GetStopModeVoltageRange                 build/stm32h7xx_hal_pwr_ex.o
HAL_PWREx_GetSupplyConfig                         build/stm32h7xx_hal_pwr_ex.o
HAL_PWREx_GetTemperatureLevel                     build/stm32h7xx_hal_pwr_ex.o
HAL_PWREx_GetVBATLevel                            build/stm32h7xx_hal_pwr_ex.o
HAL_PWREx_GetVoltageRange                         build/stm32h7xx_hal_pwr_ex.o
HAL_PWREx_GetWakeupFlag                           build/stm32h7xx_hal_pwr_ex.o
HAL_PWREx_PVD_AVD_IRQHandler                      build/stm32h7xx_hal_pwr_ex.o
HAL_PWREx_WAKEUP_PIN_IRQHandler                   build/stm32h7xx_hal_pwr_ex.o
HAL_PWREx_WKUP1_Callback                          build/stm32h7xx_hal_pwr_ex.o
HAL_PWREx_WKUP2_Callback                          build/stm32h7xx_hal_pwr_ex.o
HAL_PWREx_WKUP3_Callback                          build/stm32h7xx_hal_pwr_ex.o
HAL_PWREx_WKUP4_Callback                          build/stm32h7xx_hal_pwr_ex.o
HAL_PWREx_WKUP5_Callback                          build/stm32h7xx_hal_pwr_ex.o
HAL_PWREx_WKUP6_Callback                          build/stm32h7xx_hal_pwr_ex.o
HAL_PWR_ConfigPVD                                 build/stm32h7xx_hal_pwr.o
HAL_PWR_DeInit                                    build/stm32h7xx_hal_pwr.o
HAL_PWR_DisableBkUpAccess                         build/stm32h7xx_hal_pwr.o
HAL_PWR_DisablePVD                                build/stm32h7xx_hal_pwr.o
HAL_PWR_DisableSEVOnPend                          build/stm32h7xx_hal_pwr.o
HAL_PWR_DisableSleepOnExit                        build/stm32h7xx_hal_pwr.o
HAL_PWR_DisableWakeUpPin                          build/stm32h7xx_hal_pwr.o
HAL_PWR_EnableBkUpAccess                          build/stm32h7xx_hal_pwr.o
HAL_PWR_EnablePVD                                 build/stm32h7xx_hal_pwr.o
HAL_PWR_EnableSEVOnPend                           build/stm32h7xx_hal_pwr.o
HAL_PWR_EnableSleepOnExit                         build/stm32h7xx_hal_pwr.o
HAL_PWR_EnableWakeUpPin                           build/stm32h7xx_hal_pwr.o
HAL_PWR_EnterSLEEPMode                            build/stm32h7xx_hal_pwr.o
HAL_PWR_EnterSTANDBYMode                          build/stm32h7xx_hal_pwr.o
HAL_PWR_EnterSTOPMode                             build/stm32h7xx_hal_pwr.o
HAL_PWR_PVDCallback                               build/stm32h7xx_hal_pwr.o
                                                  build/stm32h7xx_hal_pwr_ex.o
HAL_PWR_PVD_IRQHandler                            build/stm32h7xx_hal_pwr.o
HAL_RCCEx_CRSConfig                               build/stm32h7xx_hal_rcc_ex.o
HAL_RCCEx_CRSGetSynchronizationInfo               build/stm32h7xx_hal_rcc_ex.o
HAL_RCCEx_CRSSoftwareSynchronizationGenerate      build/stm32h7xx_hal_rcc_ex.o
HAL_RCCEx_CRSWaitSynchronization                  build/stm32h7xx_hal_rcc_ex.o
HAL_RCCEx_CRS_ErrorCallback                       build/stm32h7xx_hal_rcc_ex.o
HAL_RCCEx_CRS_ExpectedSyncCallback                build/stm32h7xx_hal_rcc_ex.o
HAL_RCCEx_CRS_IRQHandler                          build/stm32h7xx_hal_rcc_ex.o
HAL_RCCEx_CRS_SyncOkCallback                      build/stm32h7xx_hal_rcc_ex.o
HAL_RCCEx_CRS_SyncWarnCallback                    build/stm32h7xx_hal_rcc_ex.o
HAL_RCCEx_DisableLSECSS                           build/stm32h7xx_hal_rcc_ex.o
HAL_RCCEx_EnableLSECSS                            build/stm32h7xx_hal_rcc_ex.o
HAL_RCCEx_EnableLSECSS_IT                         build/stm32h7xx_hal_rcc_ex.o
HAL_RCCEx_GetD1PCLK1Freq                          build/stm32h7xx_hal_rcc_ex.o
HAL_RCCEx_GetD1SysClockFreq                       build/stm32h7xx_hal_rcc_ex.o
HAL_RCCEx_GetD3PCLK1Freq                          build/stm32h7xx_hal_rcc_ex.o
                                                  build/stm32h7xx_hal_uart.o
HAL_RCCEx_GetPLL1ClockFreq                        build/stm32h7xx_hal_rcc_ex.o
HAL_RCCEx_GetPLL2ClockFreq                        build/stm32h7xx_hal_rcc_ex.o
                                                  build/stm32h7xx_hal_uart.o
HAL_RCCEx_GetPLL3ClockFreq                        build/stm32h7xx_hal_rcc_ex.o
                                                  build/stm32h7xx_hal_uart.o
HAL_RCCEx_GetPeriphCLKConfig                      build/stm32h7xx_hal_rcc_ex.o
HAL_RCCEx_GetPeriphCLKFreq                        build/stm32h7xx_hal_rcc_ex.o
HAL_RCCEx_KerWakeUpStopCLKConfig                  build/stm32h7xx_hal_rcc_ex.o
HAL_RCCEx_LSECSS_Callback                         build/stm32h7xx_hal_rcc_ex.o
HAL_RCCEx_LSECSS_IRQHandler                       build/stm32h7xx_hal_rcc_ex.o
HAL_RCCEx_PeriphCLKConfig                         build/stm32h7xx_hal_rcc_ex.o
                                                  build/stm32h7xx_hal_msp.o
HAL_RCCEx_WWDGxSysResetConfig                     build/stm32h7xx_hal_rcc_ex.o
HAL_RCCEx_WakeUpStopCLKConfig                     build/stm32h7xx_hal_rcc_ex.o
HAL_RCC_CSSCallback                               build/stm32h7xx_hal_rcc.o
HAL_RCC_ClockConfig                               build/stm32h7xx_hal_rcc.o
                                                  build/init.o
HAL_RCC_DeInit                                    build/stm32h7xx_hal_rcc.o
HAL_RCC_DisableCSS                                build/stm32h7xx_hal_rcc.o
HAL_RCC_EnableCSS                                 build/stm32h7xx_hal_rcc.o
HAL_RCC_GetClockConfig                            build/stm32h7xx_hal_rcc.o
HAL_RCC_GetHCLKFreq                               build/stm32h7xx_hal_rcc.o
                                                  build/stm32h7xx_hal_rcc_ex.o
HAL_RCC_GetOscConfig                              build/stm32h7xx_hal_rcc.o
HAL_RCC_GetPCLK1Freq                              build/stm32h7xx_hal_rcc.o
                                                  build/stm32h7xx_hal_uart.o
HAL_RCC_GetPCLK2Freq                              build/stm32h7xx_hal_rcc.o
                                                  build/stm32h7xx_hal_uart.o
HAL_RCC_GetSysClockFreq                           build/stm32h7xx_hal_rcc.o
                                                  build/stm32h7xx_hal.o
                                                  build/stm32h7xx_hal_rcc_ex.o
HAL_RCC_MCOConfig                                 build/stm32h7xx_hal_rcc.o
HAL_RCC_NMI_IRQHandler                            build/stm32h7xx_hal_rcc.o
HAL_RCC_OscConfig                                 build/stm32h7xx_hal_rcc.o
                                                  build/init.o
HAL_RS485Ex_Init                                  build/stm32h7xx_hal_uart_ex.o
HAL_ResumeTick                                    build/stm32h7xx_hal.o
HAL_SYSCFG_AnalogSwitchConfig                     build/stm32h7xx_hal.o
HAL_SYSCFG_CM7BootAddConfig                       build/stm32h7xx_hal.o
HAL_SYSCFG_CompensationCodeConfig                 build/stm32h7xx_hal.o
HAL_SYSCFG_CompensationCodeSelect                 build/stm32h7xx_hal.o
HAL_SYSCFG_DisableBOOST                           build/stm32h7xx_hal.o
HAL_SYSCFG_DisableIOSpeedOptimize                 build/stm32h7xx_hal.o
HAL_SYSCFG_DisableVREFBUF                         build/stm32h7xx_hal.o
HAL_SYSCFG_ETHInterfaceSelect                     build/stm32h7xx_hal.o
HAL_SYSCFG_EnableBOOST                            build/stm32h7xx_hal.o
HAL_SYSCFG_EnableIOSpeedOptimize                  build/stm32h7xx_hal.o
HAL_SYSCFG_EnableVREFBUF                          build/stm32h7xx_hal.o
HAL_SYSCFG_VREFBUF_HighImpedanceConfig            build/stm32h7xx_hal.o
HAL_SYSCFG_VREFBUF_TrimmingConfig                 build/stm32h7xx_hal.o
HAL_SYSCFG_VREFBUF_VoltageScalingConfig           build/stm32h7xx_hal.o
HAL_SYSTICK_CLKSourceConfig                       build/stm32h7xx_hal_cortex.o
HAL_SYSTICK_Callback                              build/stm32h7xx_hal_cortex.o
HAL_SYSTICK_Config                                build/stm32h7xx_hal_cortex.o
                                                  build/stm32h7xx_hal.o
HAL_SYSTICK_IRQHandler                            build/stm32h7xx_hal_cortex.o
HAL_SetFMCMemorySwappingConfig                    build/stm32h7xx_hal.o
HAL_SetTickFreq                                   build/stm32h7xx_hal.o
HAL_SuspendTick                                   build/stm32h7xx_hal.o
HAL_TIMEx_Break2Callback                          build/stm32h7xx_hal_tim_ex.o
                                                  build/stm32h7xx_hal_tim.o
HAL_TIMEx_BreakCallback                           build/stm32h7xx_hal_tim_ex.o
                                                  build/stm32h7xx_hal_tim.o
HAL_TIMEx_CommutCallback                          build/stm32h7xx_hal_tim_ex.o
                                                  build/stm32h7xx_hal_tim.o
HAL_TIMEx_CommutHalfCpltCallback                  build/stm32h7xx_hal_tim_ex.o
HAL_TIMEx_ConfigBreakDeadTime                     build/stm32h7xx_hal_tim_ex.o
                                                  build/init.o
HAL_TIMEx_ConfigBreakInput                        build/stm32h7xx_hal_tim_ex.o
HAL_TIMEx_ConfigCommutEvent                       build/stm32h7xx_hal_tim_ex.o
HAL_TIMEx_ConfigCommutEvent_DMA                   build/stm32h7xx_hal_tim_ex.o
HAL_TIMEx_ConfigCommutEvent_IT                    build/stm32h7xx_hal_tim_ex.o
HAL_TIMEx_GetChannelNState                        build/stm32h7xx_hal_tim_ex.o
HAL_TIMEx_GroupChannel5                           build/stm32h7xx_hal_tim_ex.o
HAL_TIMEx_HallSensor_DeInit                       build/stm32h7xx_hal_tim_ex.o
HAL_TIMEx_HallSensor_GetState                     build/stm32h7xx_hal_tim_ex.o
HAL_TIMEx_HallSensor_Init                         build/stm32h7xx_hal_tim_ex.o
HAL_TIMEx_HallSensor_MspDeInit                    build/stm32h7xx_hal_tim_ex.o
HAL_TIMEx_HallSensor_MspInit                      build/stm32h7xx_hal_tim_ex.o
HAL_TIMEx_HallSensor_Start                        build/stm32h7xx_hal_tim_ex.o
HAL_TIMEx_HallSensor_Start_DMA                    build/stm32h7xx_hal_tim_ex.o
HAL_TIMEx_HallSensor_Start_IT                     build/stm32h7xx_hal_tim_ex.o
HAL_TIMEx_HallSensor_Stop                         build/stm32h7xx_hal_tim_ex.o
HAL_TIMEx_HallSensor_Stop_DMA                     build/stm32h7xx_hal_tim_ex.o
HAL_TIMEx_HallSensor_Stop_IT                      build/stm32h7xx_hal_tim_ex.o
HAL_TIMEx_MasterConfigSynchronization             build/stm32h7xx_hal_tim_ex.o
                                                  build/init.o
HAL_TIMEx_OCN_Start                               build/stm32h7xx_hal_tim_ex.o
HAL_TIMEx_OCN_Start_DMA                           build/stm32h7xx_hal_tim_ex.o
HAL_TIMEx_OCN_Start_IT                            build/stm32h7xx_hal_tim_ex.o
HAL_TIMEx_OCN_Stop                                build/stm32h7xx_hal_tim_ex.o
HAL_TIMEx_OCN_Stop_DMA                            build/stm32h7xx_hal_tim_ex.o
HAL_TIMEx_OCN_Stop_IT                             build/stm32h7xx_hal_tim_ex.o
HAL_TIMEx_OnePulseN_Start                         build/stm32h7xx_hal_tim_ex.o
HAL_TIMEx_OnePulseN_Start_IT                      build/stm32h7xx_hal_tim_ex.o
HAL_TIMEx_OnePulseN_Stop                          build/stm32h7xx_hal_tim_ex.o
HAL_TIMEx_OnePulseN_Stop_IT                       build/stm32h7xx_hal_tim_ex.o
HAL_TIMEx_PWMN_Start                              build/stm32h7xx_hal_tim_ex.o
HAL_TIMEx_PWMN_Start_DMA                          build/stm32h7xx_hal_tim_ex.o
HAL_TIMEx_PWMN_Start_IT                           build/stm32h7xx_hal_tim_ex.o
HAL_TIMEx_PWMN_Stop                               build/stm32h7xx_hal_tim_ex.o
HAL_TIMEx_PWMN_Stop_DMA                           build/stm32h7xx_hal_tim_ex.o
HAL_TIMEx_PWMN_Stop_IT                            build/stm32h7xx_hal_tim_ex.o
HAL_TIMEx_RemapConfig                             build/stm32h7xx_hal_tim_ex.o
HAL_TIMEx_TISelection                             build/stm32h7xx_hal_tim_ex.o
HAL_TIM_Base_DeInit                               build/stm32h7xx_hal_tim.o
HAL_TIM_Base_GetState                             build/stm32h7xx_hal_tim.o
HAL_TIM_Base_Init                                 build/stm32h7xx_hal_tim.o
                                                  build/init.o
HAL_TIM_Base_MspDeInit                            build/stm32h7xx_hal_msp.o
HAL_TIM_Base_MspInit                              build/stm32h7xx_hal_msp.o
HAL_TIM_Base_Start                                build/stm32h7xx_hal_tim.o
HAL_TIM_Base_Start_DMA                            build/stm32h7xx_hal_tim.o
HAL_TIM_Base_Start_IT                             build/stm32h7xx_hal_tim.o
HAL_TIM_Base_Stop                                 build/stm32h7xx_hal_tim.o
HAL_TIM_Base_Stop_DMA                             build/stm32h7xx_hal_tim.o
HAL_TIM_Base_Stop_IT                              build/stm32h7xx_hal_tim.o
HAL_TIM_ConfigClockSource                         build/stm32h7xx_hal_tim.o
                                                  build/init.o
HAL_TIM_ConfigOCrefClear                          build/stm32h7xx_hal_tim.o
HAL_TIM_ConfigTI1Input                            build/stm32h7xx_hal_tim.o
HAL_TIM_DMABurstState                             build/stm32h7xx_hal_tim.o
HAL_TIM_DMABurst_MultiReadStart                   build/stm32h7xx_hal_tim.o
HAL_TIM_DMABurst_MultiWriteStart                  build/stm32h7xx_hal_tim.o
HAL_TIM_DMABurst_ReadStart                        build/stm32h7xx_hal_tim.o
HAL_TIM_DMABurst_ReadStop                         build/stm32h7xx_hal_tim.o
HAL_TIM_DMABurst_WriteStart                       build/stm32h7xx_hal_tim.o
HAL_TIM_DMABurst_WriteStop                        build/stm32h7xx_hal_tim.o
HAL_TIM_Encoder_DeInit                            build/stm32h7xx_hal_tim.o
HAL_TIM_Encoder_GetState                          build/stm32h7xx_hal_tim.o
HAL_TIM_Encoder_Init                              build/stm32h7xx_hal_tim.o
HAL_TIM_Encoder_MspDeInit                         build/stm32h7xx_hal_tim.o
HAL_TIM_Encoder_MspInit                           build/stm32h7xx_hal_tim.o
HAL_TIM_Encoder_Start                             build/stm32h7xx_hal_tim.o
HAL_TIM_Encoder_Start_DMA                         build/stm32h7xx_hal_tim.o
HAL_TIM_Encoder_Start_IT                          build/stm32h7xx_hal_tim.o
HAL_TIM_Encoder_Stop                              build/stm32h7xx_hal_tim.o
HAL_TIM_Encoder_Stop_DMA                          build/stm32h7xx_hal_tim.o
HAL_TIM_Encoder_Stop_IT                           build/stm32h7xx_hal_tim.o
HAL_TIM_ErrorCallback                             build/stm32h7xx_hal_tim.o
                                                  build/stm32h7xx_hal_tim_ex.o
HAL_TIM_GenerateEvent                             build/stm32h7xx_hal_tim.o
HAL_TIM_GetActiveChannel                          build/stm32h7xx_hal_tim.o
HAL_TIM_GetChannelState                           build/stm32h7xx_hal_tim.o
HAL_TIM_IC_CaptureCallback                        build/stm32h7xx_hal_tim.o
HAL_TIM_IC_CaptureHalfCpltCallback                build/stm32h7xx_hal_tim.o
HAL_TIM_IC_ConfigChannel                          build/stm32h7xx_hal_tim.o
HAL_TIM_IC_DeInit                                 build/stm32h7xx_hal_tim.o
HAL_TIM_IC_GetState                               build/stm32h7xx_hal_tim.o
HAL_TIM_IC_Init                                   build/stm32h7xx_hal_tim.o